******************************************************************************
                  TI ARM Linker Unix v16.9.1                   
******************************************************************************
>> Linked Thu May  3 12:54:26 2018

OUTPUT FILE NAME:   <QEI+LCD_test.out>
ENTRY POINT SYMBOL: "_c_int00"  address: 000008f5


MEMORY CONFIGURATION

         name            origin    length      used     unused   attr    fill
----------------------  --------  ---------  --------  --------  ----  --------
  FLASH                 00000000   00040000  00000bda  0003f426  R  X
  SRAM                  20000000   00008000  00000824  000077dc  RW X


SEGMENT ALLOCATION MAP

run origin  load origin   length   init length attrs members
----------  ----------- ---------- ----------- ----- -------
00000000    00000000    00000be0   00000be0    r-x
  00000000    00000000    0000026c   0000026c    r-- .intvecs
  0000026c    0000026c    00000936   00000936    r-x .text
  00000ba8    00000ba8    00000038   00000038    r-- .cinit
20000000    20000000    00000824   00000000    rw-
  20000000    20000000    00000800   00000000    rw- .stack
  20000800    20000800    00000018   00000000    rw- .data
  20000818    20000818    0000000c   00000000    rw- .bss


SECTION ALLOCATION MAP

 output                                  attributes/
section   page    origin      length       input sections
--------  ----  ----------  ----------   ----------------
.intvecs   0    00000000    0000026c     
                  00000000    0000026c     startup_ccs.obj (.intvecs)

.text      0    0000026c    00000936     
                  0000026c    00000132     driverlib.lib : gpio.obj (.text:GPIOPadConfigSet)
                  0000039e    000000fc     rtsv7M4_T_le_v4SPD16_eabi.lib : fd_mul_t2.obj (.text)
                  0000049a    00000002     startup_ccs.obj (.text:FaultISR)
                  0000049c    000000c4     blinky.obj (.text:ConfigureQEI)
                  00000560    000000a4     blinky.obj (.text:main)
                  00000604    0000009c     rtsv7M4_T_le_v4SPD16_eabi.lib : memcpy_t2.obj (.text)
                  000006a0    00000090     display.obj (.text:initLCD)
                  00000730    0000007a     rtsv7M4_T_le_v4SPD16_eabi.lib : memset_t2.obj (.text)
                  000007aa    00000002     startup_ccs.obj (.text:IntDefaultHandler)
                  000007ac    00000070     rtsv7M4_T_le_v4SPD16_eabi.lib : autoinit.obj (.text)
                  0000081c    0000006e                                   : fd_tos_t2.obj (.text)
                  0000088a    00000068                                   : copy_decompress_lzss.obj (.text:decompress:lzss)
                  000008f2    00000002     startup_ccs.obj (.text:NmiSR)
                  000008f4    00000054     rtsv7M4_T_le_v4SPD16_eabi.lib : boot.obj (.text)
                  00000948    00000054                                   : exit.obj (.text)
                  0000099c    0000004c                                   : cpy_tbl.obj (.text)
                  000009e8    00000040     display.obj (.text:sendByte)
                  00000a28    00000038     rtsv7M4_T_le_v4SPD16_eabi.lib : fs_tod_t2.obj (.text)
                  00000a60    00000034     driverlib.lib : sysctl.obj (.text:SysCtlPeripheralEnable)
                  00000a94    0000002a                   : gpio.obj (.text:GPIODirModeSet)
                  00000abe    00000002     rtsv7M4_T_le_v4SPD16_eabi.lib : mpu_init.obj (.text)
                  00000ac0    00000028     display.obj (.text:pulseLCD)
                  00000ae8    0000001c     display.obj (.text:clearLCD)
                  00000b04    00000018     driverlib.lib : gpio.obj (.text:GPIOPinTypeGPIOOutput)
                  00000b1c    00000018     rtsv7M4_T_le_v4SPD16_eabi.lib : args_main.obj (.text)
                  00000b34    00000014                                   : _lock.obj (.text)
                  00000b48    00000010     display.obj (.text:setCmd)
                  00000b58    00000010     display.obj (.text:setData)
                  00000b68    0000000e     rtsv7M4_T_le_v4SPD16_eabi.lib : copy_decompress_none.obj (.text:decompress:none)
                  00000b76    0000000c                                   : copy_zero_init.obj (.text:decompress:ZI)
                  00000b82    00000008     display.obj (.text:cursorOffLCD)
                  00000b8a    00000006     driverlib.lib : gpio.obj (.text:GPIOPinWrite)
                  00000b90    00000006     startup_ccs.obj (.text:ResetISR)
                  00000b96    00000006     driverlib.lib : sysctl.obj (.text:SysCtlDelay)
                  00000b9c    00000004     rtsv7M4_T_le_v4SPD16_eabi.lib : pre_init.obj (.text)
                  00000ba0    00000002                                   : startup.obj (.text)

.cinit     0    00000ba8    00000038     
                  00000ba8    00000011     (.cinit..data.load) [load image, compression = lzss]
                  00000bb9    00000003     --HOLE-- [fill = 0]
                  00000bbc    0000000c     (__TI_handler_table)
                  00000bc8    00000008     (.cinit..bss.load) [load image, compression = zero_init]
                  00000bd0    00000010     (__TI_cinit_table)

.init_array 
*          0    00000000    00000000     UNINITIALIZED

.data      0    20000800    00000018     UNINITIALIZED
                  20000800    0000000c     rtsv7M4_T_le_v4SPD16_eabi.lib : exit.obj (.data:$O1$$)
                  2000080c    00000008                                   : _lock.obj (.data:$O1$$)
                  20000814    00000004                                   : stkdepth_vars.obj (.data)

.bss       0    20000818    0000000c     UNINITIALIZED
                  20000818    00000004     (.common:caudal_instantaneo)
                  2000081c    00000004     (.common:qeiVelocidad)
                  20000820    00000004     (.common:velocidad)

.stack     0    20000000    00000800     UNINITIALIZED
                  20000000    00000800     --HOLE--

MODULE SUMMARY

       Module                     code   ro data   rw data
       ------                     ----   -------   -------
    ./
       startup_ccs.obj            12     620       0      
       blinky.obj                 360    0         12     
       display.obj                316    0         0      
    +--+--------------------------+------+---------+---------+
       Total:                     688    620       12     
                                                          
    /home/usuario/ti/ccsv7/tools/compiler/ti-cgt-arm_16.9.1.LTS/lib/rtsv7M4_T_le_v4SPD16_eabi.lib
       fd_mul_t2.obj              252    0         0      
       memcpy_t2.obj              156    0         0      
       memset_t2.obj              122    0         0      
       autoinit.obj               112    0         0      
       fd_tos_t2.obj              110    0         0      
       copy_decompress_lzss.obj   104    0         0      
       exit.obj                   84     0         12     
       boot.obj                   84     0         0      
       cpy_tbl.obj                76     0         0      
       fs_tod_t2.obj              56     0         0      
       _lock.obj                  20     0         8      
       args_main.obj              24     0         0      
       copy_decompress_none.obj   14     0         0      
       copy_zero_init.obj         12     0         0      
       pre_init.obj               4      0         0      
       stkdepth_vars.obj          0      0         4      
       mpu_init.obj               2      0         0      
       startup.obj                2      0         0      
    +--+--------------------------+------+---------+---------+
       Total:                     1234   0         24     
                                                          
    /home/usuario/tivaware/SW-TM4C-2.1.4.178/driverlib/ccs/Debug/driverlib.lib
       gpio.obj                   378    0         0      
       sysctl.obj                 58     0         0      
    +--+--------------------------+------+---------+---------+
       Total:                     436    0         0      
                                                          
       Stack:                     0      0         2048   
       Linker Generated:          0      53        0      
    +--+--------------------------+------+---------+---------+
       Grand Total:               2358   673       2084   


LINKER GENERATED COPY TABLES

__TI_cinit_table @ 00000bd0 records: 2, size/record: 8, table size: 16
	.data: load addr=00000ba8, load size=00000011 bytes, run addr=20000800, run size=00000018 bytes, compression=lzss
	.bss: load addr=00000bc8, load size=00000008 bytes, run addr=20000818, run size=0000000c bytes, compression=zero_init


LINKER GENERATED HANDLER TABLE

__TI_handler_table @ 00000bbc records: 3, size/record: 4, table size: 12
	index: 0, handler: __TI_decompress_lzss
	index: 1, handler: __TI_decompress_none
	index: 2, handler: __TI_zero_init


GLOBAL SYMBOLS: SORTED ALPHABETICALLY BY Name 

address   name                           
-------   ----                           
00000949  C$$EXIT                        
0000049d  ConfigureQEI                   
00000a95  GPIODirModeSet                 
0000026d  GPIOPadConfigSet               
00000b05  GPIOPinTypeGPIOOutput          
00000b8b  GPIOPinWrite                   
00000b91  ResetISR                       
UNDEFED   SHT$$INIT_ARRAY$$Base          
UNDEFED   SHT$$INIT_ARRAY$$Limit         
00000b97  SysCtlDelay                    
00000a61  SysCtlPeripheralEnable         
20000800  __STACK_END                    
00000800  __STACK_SIZE                   
20000200  __STACK_TOP                    
00000bd0  __TI_CINIT_Base                
00000be0  __TI_CINIT_Limit               
00000bbc  __TI_Handler_Table_Base        
00000bc8  __TI_Handler_Table_Limit       
000007ad  __TI_auto_init                 
20000800  __TI_cleanup_ptr               
0000088b  __TI_decompress_lzss           
00000b69  __TI_decompress_none           
20000804  __TI_dtors_ptr                 
20000808  __TI_enable_exit_profile_output
ffffffff  __TI_pprof_out_hndl            
ffffffff  __TI_prof_data_size            
ffffffff  __TI_prof_data_start           
00000000  __TI_static_base__             
00000b77  __TI_zero_init                 
0000081d  __aeabi_d2f                    
0000039f  __aeabi_dmul                   
00000a29  __aeabi_f2d                    
00000731  __aeabi_memclr                 
00000731  __aeabi_memclr4                
00000731  __aeabi_memclr8                
00000605  __aeabi_memcpy                 
00000605  __aeabi_memcpy4                
00000605  __aeabi_memcpy8                
00000733  __aeabi_memset                 
00000733  __aeabi_memset4                
00000733  __aeabi_memset8                
ffffffff  __binit__                      
ffffffff  __c_args__                     
00000abf  __mpu_init                     
20000000  __stack                        
00000b1d  _args_main                     
000008f5  _c_int00                       
2000080c  _lock                          
00000b43  _nop                           
00000b3b  _register_lock                 
00000b35  _register_unlock               
00000ba1  _system_post_cinit             
00000b9d  _system_pre_init               
20000810  _unlock                        
0000094d  abort                          
ffffffff  binit                          
20000818  caudal_instantaneo             
00000ae9  clearLCD                       
0000099d  copy_in                        
00000b83  cursorOffLCD                   
00000955  exit                           
00000000  g_pfnVectors                   
000006a1  initLCD                        
00000561  main                           
20000814  main_func_sp                   
00000605  memcpy                         
00000739  memset                         
00000ac1  pulseLCD                       
2000081c  qeiVelocidad                   
000009e9  sendByte                       
00000b49  setCmd                         
00000b59  setData                        
20000820  velocidad                      


GLOBAL SYMBOLS: SORTED BY Symbol Address 

address   name                           
-------   ----                           
00000000  __TI_static_base__             
00000000  g_pfnVectors                   
0000026d  GPIOPadConfigSet               
0000039f  __aeabi_dmul                   
0000049d  ConfigureQEI                   
00000561  main                           
00000605  __aeabi_memcpy                 
00000605  __aeabi_memcpy4                
00000605  __aeabi_memcpy8                
00000605  memcpy                         
000006a1  initLCD                        
00000731  __aeabi_memclr                 
00000731  __aeabi_memclr4                
00000731  __aeabi_memclr8                
00000733  __aeabi_memset                 
00000733  __aeabi_memset4                
00000733  __aeabi_memset8                
00000739  memset                         
000007ad  __TI_auto_init                 
00000800  __STACK_SIZE                   
0000081d  __aeabi_d2f                    
0000088b  __TI_decompress_lzss           
000008f5  _c_int00                       
00000949  C$$EXIT                        
0000094d  abort                          
00000955  exit                           
0000099d  copy_in                        
000009e9  sendByte                       
00000a29  __aeabi_f2d                    
00000a61  SysCtlPeripheralEnable         
00000a95  GPIODirModeSet                 
00000abf  __mpu_init                     
00000ac1  pulseLCD                       
00000ae9  clearLCD                       
00000b05  GPIOPinTypeGPIOOutput          
00000b1d  _args_main                     
00000b35  _register_unlock               
00000b3b  _register_lock                 
00000b43  _nop                           
00000b49  setCmd                         
00000b59  setData                        
00000b69  __TI_decompress_none           
00000b77  __TI_zero_init                 
00000b83  cursorOffLCD                   
00000b8b  GPIOPinWrite                   
00000b91  ResetISR                       
00000b97  SysCtlDelay                    
00000b9d  _system_pre_init               
00000ba1  _system_post_cinit             
00000bbc  __TI_Handler_Table_Base        
00000bc8  __TI_Handler_Table_Limit       
00000bd0  __TI_CINIT_Base                
00000be0  __TI_CINIT_Limit               
20000000  __stack                        
20000200  __STACK_TOP                    
20000800  __STACK_END                    
20000800  __TI_cleanup_ptr               
20000804  __TI_dtors_ptr                 
20000808  __TI_enable_exit_profile_output
2000080c  _lock                          
20000810  _unlock                        
20000814  main_func_sp                   
20000818  caudal_instantaneo             
2000081c  qeiVelocidad                   
20000820  velocidad                      
ffffffff  __TI_pprof_out_hndl            
ffffffff  __TI_prof_data_size            
ffffffff  __TI_prof_data_start           
ffffffff  __binit__                      
ffffffff  __c_args__                     
ffffffff  binit                          
UNDEFED   SHT$$INIT_ARRAY$$Base          
UNDEFED   SHT$$INIT_ARRAY$$Limit         

[73 symbols]
