******************************************************************************
                  TI ARM Linker Unix v18.1.4                   
******************************************************************************
>> Linked Wed Mar 13 22:35:02 2019

OUTPUT FILE NAME:   <Flowmeter_v1.1.out>
ENTRY POINT SYMBOL: "_c_int00_noargs"  address: 0000106d


MEMORY CONFIGURATION

         name            origin    length      used     unused   attr    fill
----------------------  --------  ---------  --------  --------  ----  --------
  FLASH                 00000000   00040000  000014b6  0003eb4a  R  X
  SRAM                  20000000   00008000  00000264  00007d9c  RW X


SEGMENT ALLOCATION MAP

run origin  load origin   length   init length attrs members
----------  ----------- ---------- ----------- ----- -------
00000000    00000000    000014b8   000014b8    r-x
  00000000    00000000    0000026c   0000026c    r-- .intvecs
  0000026c    0000026c    000010a6   000010a6    r-x .text
  00001314    00001314    0000016c   0000016c    r-- .const
  00001480    00001480    00000038   00000038    r-- .cinit
20000000    20000000    00000264   00000000    rw-
  20000000    20000000    00000200   00000000    rw- .stack
  20000200    20000200    00000038   00000000    rw- .data
  20000238    20000238    0000002c   00000000    rw- .bss


SECTION ALLOCATION MAP

 output                                  attributes/
section   page    origin      length       input sections
--------  ----  ----------  ----------   ----------------
.intvecs   0    00000000    0000026c     
                  00000000    0000026c     startup_ccs.obj (.intvecs)

.text      0    0000026c    000010a6     
                  0000026c    00000200     blinky.obj (.text:main)
                  0000046c    000001b6     rtsv7M4_T_le_v4SPD16_eabi.lib : fd_add_t2.asm.obj (.text)
                  00000622    00000132     driverlib.lib : gpio.obj (.text:GPIOPadConfigSet)
                  00000754    00000110                   : sysctl.obj (.text:SysCtlClockGet)
                  00000864    000000fc     rtsv7M4_T_le_v4SPD16_eabi.lib : fd_mul_t2.asm.obj (.text)
                  00000960    000000f4     blinky.obj (.text:ConfigureQEI)
                  00000a54    000000f4     driverlib.lib : sysctl.obj (.text:SysCtlClockSet)
                  00000b48    000000d8     blinky.obj (.text:sendStr)
                  00000c20    0000009c     rtsv7M4_T_le_v4SPD16_eabi.lib : memcpy_t2.asm.obj (.text)
                  00000cbc    00000090     display.obj (.text:initLCD)
                  00000d4c    0000006e     rtsv7M4_T_le_v4SPD16_eabi.lib : fd_tos_t2.asm.obj (.text)
                  00000dba    00000002     startup_ccs.obj (.text:FaultISR)
                  00000dbc    00000068     driverlib.lib : interrupt.obj (.text:IntEnable)
                  00000e24    00000068     rtsv7M4_T_le_v4SPD16_eabi.lib : copy_decompress_lzss.c.obj (.text:decompress:lzss:__TI_decompress_lzss)
                  00000e8c    0000005c     blinky.obj (.text:manejadorInterrupcion_QEI)
                  00000ee8    00000048     driverlib.lib : gpio.obj (.text:GPIOPinConfigure)
                  00000f30    00000044     rtsv7M4_T_le_v4SPD16_eabi.lib : autoinit.c.obj (.text:__TI_auto_init_nobinit_nopinit:__TI_auto_init_nobinit_nopinit)
                  00000f74    00000044                                   : fd_tou_t2.asm.obj (.text)
                  00000fb8    00000040     display.obj (.text:sendByte)
                  00000ff8    0000003a     blinky.obj (.text:getDecStr)
                  00001032    00000002     startup_ccs.obj (.text:IntDefaultHandler)
                  00001034    00000038     driverlib.lib : sysctl.obj (.text:SysCtlPeripheralReady)
                  0000106c    00000038     rtsv7M4_T_le_v4SPD16_eabi.lib : boot_cortex_m.c.obj (.text:_c_int00_noargs:_c_int00_noargs)
                  000010a4    00000038                                   : fs_tod_t2.asm.obj (.text)
                  000010dc    00000034     driverlib.lib : sysctl.obj (.text:SysCtlPeripheralEnable)
                  00001110    0000002e     display.obj (.text:setCursorPositionLCD)
                  0000113e    0000002a     driverlib.lib : gpio.obj (.text:GPIODirModeSet)
                  00001168    00000028     display.obj (.text:pulseLCD)
                  00001190    0000001c     display.obj (.text:clearLCD)
                  000011ac    00000018     driverlib.lib : gpio.obj (.text:GPIOPinTypeGPIOOutput)
                  000011c4    00000018     display.obj (.text:printLCD)
                  000011dc    00000012     driverlib.lib : gpio.obj (.text:GPIOPinTypeQEI)
                  000011ee    00000012     rtsv7M4_T_le_v4SPD16_eabi.lib : copy_zero_init.c.obj (.text:decompress:ZI:__TI_zero_init_nomemset:__TI_zero_init_nomemset)
                  00001200    00000010     driverlib.lib : fpu.obj (.text:FPUEnable)
                  00001210    00000010                   : fpu.obj (.text:FPULazyStackingEnable)
                  00001220    00000010                   : interrupt.obj (.text:IntMasterEnable)
                  00001230    00000010                   : qei.obj (.text:QEIVelocityConfigure)
                  00001240    00000010     display.obj (.text:setCmd)
                  00001250    00000010     display.obj (.text:setData)
                  00001260    0000000e     driverlib.lib : qei.obj (.text:QEIConfigure)
                  0000126e    0000000e                   : qei.obj (.text:QEIDirectionGet)
                  0000127c    0000000e     rtsv7M4_T_le_v4SPD16_eabi.lib : copy_decompress_none.c.obj (.text:decompress:none:__TI_decompress_none)
                  0000128a    0000000c     driverlib.lib : cpu.obj (.text:CPUcpsie)
                  00001296    0000000c                   : qei.obj (.text:QEIFilterConfigure)
                  000012a2    0000000a                   : qei.obj (.text:QEIDisable)
                  000012ac    0000000a                   : qei.obj (.text:QEIEnable)
                  000012b6    0000000a                   : qei.obj (.text:QEIFilterEnable)
                  000012c0    0000000a                   : qei.obj (.text:QEIIntDisable)
                  000012ca    0000000a                   : qei.obj (.text:QEIIntStatus)
                  000012d4    0000000a                   : qei.obj (.text:QEIVelocityEnable)
                  000012de    00000008                   : qei.obj (.text:QEIIntEnable)
                  000012e6    00000008     display.obj (.text:cursorOffLCD)
                  000012ee    00000006     driverlib.lib : gpio.obj (.text:GPIOPinWrite)
                  000012f4    00000006     startup_ccs.obj (.text:ResetISR)
                  000012fa    00000006     driverlib.lib : sysctl.obj (.text:SysCtlDelay)
                  00001300    00000004                   : qei.obj (.text:QEIIntClear)
                  00001304    00000004                   : qei.obj (.text:QEIVelocityGet)
                  00001308    00000004     rtsv7M4_T_le_v4SPD16_eabi.lib : pre_init.c.obj (.text:_system_pre_init)
                  0000130c    00000004                                   : exit.c.obj (.text:abort:abort)
                  00001310    00000002     startup_ccs.obj (.text:NmiSR)

.const     0    00001314    0000016c     
                  00001314    00000090     driverlib.lib : gpio.obj (.const:g_pui32GPIOBaseAddrs)
                  000013a4    00000070                   : interrupt.obj (.const)
                  00001414    0000006c                   : sysctl.obj (.const:g_pui32Xtals)

.cinit     0    00001480    00000038     
                  00001480    00000014     (.cinit..data.load) [load image, compression = lzss]
                  00001494    0000000c     (__TI_handler_table)
                  000014a0    00000008     (.cinit..bss.load) [load image, compression = zero_init]
                  000014a8    00000010     (__TI_cinit_table)

.init_array 
*          0    00000000    00000000     UNINITIALIZED

.data      0    20000200    00000038     UNINITIALIZED
                  20000200    00000038     blinky.obj (.data)

.bss       0    20000238    0000002c     UNINITIALIZED
                  20000238    0000000c     (.common:str3)
                  20000244    00000004     (.common:cauda1)
                  20000248    00000008     (.common:tmpvol)
                  20000250    00000004     (.common:cauda2)
                  20000254    00000004     (.common:caudal_instantaneo)
                  20000258    00000004     (.common:cursorPosition)
                  2000025c    00000004     (.common:globalVal)
                  20000260    00000004     (.common:velocidad)

.stack     0    20000000    00000200     UNINITIALIZED
                  20000000    00000004     rtsv7M4_T_le_v4SPD16_eabi.lib : boot_cortex_m.c.obj (.stack)
                  20000004    000001fc     --HOLE--

MODULE SUMMARY

       Module                       code   ro data   rw data
       ------                       ----   -------   -------
    ./
       blinky.obj                   1122   0         100    
       startup_ccs.obj              12     620       0      
       display.obj                  386    0         0      
    +--+----------------------------+------+---------+---------+
       Total:                       1520   620       100    
                                                            
    /home/reinhold/Downloads/SW-EK-TM4C123GXL-2.1.4.178/driverlib/ccs/Debug/driverlib.lib
       sysctl.obj                   630    108       0      
       gpio.obj                     468    144       0      
       interrupt.obj                120    112       0      
       qei.obj                      132    0         0      
       fpu.obj                      32     0         0      
       cpu.obj                      12     0         0      
    +--+----------------------------+------+---------+---------+
       Total:                       1394   364       0      
                                                            
    /home/reinhold/ti/ccsv8/tools/compiler/ti-cgt-arm_18.1.4.LTS/lib/rtsv7M4_T_le_v4SPD16_eabi.lib
       fd_add_t2.asm.obj            438    0         0      
       fd_mul_t2.asm.obj            252    0         0      
       memcpy_t2.asm.obj            156    0         0      
       fd_tos_t2.asm.obj            110    0         0      
       copy_decompress_lzss.c.obj   104    0         0      
       autoinit.c.obj               68     0         0      
       fd_tou_t2.asm.obj            68     0         0      
       boot_cortex_m.c.obj          56     0         0      
       fs_tod_t2.asm.obj            56     0         0      
       copy_zero_init.c.obj         18     0         0      
       copy_decompress_none.c.obj   14     0         0      
       exit.c.obj                   4      0         0      
       pre_init.c.obj               4      0         0      
    +--+----------------------------+------+---------+---------+
       Total:                       1348   0         0      
                                                            
       Stack:                       0      0         512    
       Linker Generated:            0      56        0      
    +--+----------------------------+------+---------+---------+
       Grand Total:                 4262   1040      612    


LINKER GENERATED COPY TABLES

__TI_cinit_table @ 000014a8 records: 2, size/record: 8, table size: 16
	.data: load addr=00001480, load size=00000014 bytes, run addr=20000200, run size=00000038 bytes, compression=lzss
	.bss: load addr=000014a0, load size=00000008 bytes, run addr=20000238, run size=0000002c bytes, compression=zero_init


LINKER GENERATED HANDLER TABLE

__TI_handler_table @ 00001494 records: 3, size/record: 4, table size: 12
	index: 0, handler: __TI_decompress_lzss
	index: 1, handler: __TI_decompress_none
	index: 2, handler: __TI_zero_init


GLOBAL SYMBOLS: SORTED ALPHABETICALLY BY Name 

address   name                          
-------   ----                          
0000130d  C$$EXIT                       
0000128b  CPUcpsie                      
00000961  ConfigureQEI                  
20000214  DirFlag                       
00001201  FPUEnable                     
00001211  FPULazyStackingEnable         
0000113f  GPIODirModeSet                
00000623  GPIOPadConfigSet              
00000ee9  GPIOPinConfigure              
000011ad  GPIOPinTypeGPIOOutput         
000011dd  GPIOPinTypeQEI                
000012ef  GPIOPinWrite                  
20000210  IndexCounter                  
00000dbd  IntEnable                     
00001221  IntMasterEnable               
00001261  QEIConfigure                  
0000126f  QEIDirectionGet               
000012a3  QEIDisable                    
000012ad  QEIEnable                     
00001297  QEIFilterConfigure            
000012b7  QEIFilterEnable               
00001301  QEIIntClear                   
000012c1  QEIIntDisable                 
000012df  QEIIntEnable                  
000012cb  QEIIntStatus                  
00001231  QEIVelocityConfigure          
000012d5  QEIVelocityEnable             
00001305  QEIVelocityGet                
20000204  QEI_DirFlag                   
2000020c  QEI_IndexFlag                 
20000200  QEI_IntSource                 
20000208  QEI_TimerFlag                 
000012f5  ResetISR                      
00000755  SysCtlClockGet                
00000a55  SysCtlClockSet                
000012fb  SysCtlDelay                   
000010dd  SysCtlPeripheralEnable        
00001035  SysCtlPeripheralReady         
20000200  __STACK_END                   
00000200  __STACK_SIZE                  
20000200  __STACK_TOP                   
000014a8  __TI_CINIT_Base               
000014b8  __TI_CINIT_Limit              
00001494  __TI_Handler_Table_Base       
000014a0  __TI_Handler_Table_Limit      
00000f31  __TI_auto_init_nobinit_nopinit
00000e25  __TI_decompress_lzss          
0000127d  __TI_decompress_none          
ffffffff  __TI_pprof_out_hndl           
ffffffff  __TI_prof_data_size           
ffffffff  __TI_prof_data_start          
00000000  __TI_static_base__            
000011ef  __TI_zero_init_nomemset       
00000d4d  __aeabi_d2f                   
00000f75  __aeabi_d2uiz                 
00000477  __aeabi_dadd                  
00000865  __aeabi_dmul                  
0000046d  __aeabi_dsub                  
000010a5  __aeabi_f2d                   
00000c21  __aeabi_memcpy                
00000c21  __aeabi_memcpy4               
00000c21  __aeabi_memcpy8               
ffffffff  __binit__                     
ffffffff  __c_args__                    
UNDEFED   __mpu_init                    
20000000  __stack                       
0000106d  _c_int00_noargs               
UNDEFED   _system_post_cinit            
00001309  _system_pre_init              
0000130d  abort                         
20000218  averageCounter                
ffffffff  binit                         
20000244  cauda1                        
20000250  cauda2                        
20000254  caudal_instantaneo            
00001191  clearLCD                      
000012e7  cursorOffLCD                  
20000258  cursorPosition                
00000000  g_pfnVectors                  
00000ff9  getDecStr                     
2000025c  globalVal                     
00000cbd  initLCD                       
2000022c  intVolume                     
0000026d  main                          
00000e8d  manejadorInterrupcion_QEI     
00000c21  memcpy                        
000011c5  printLCD                      
00001169  pulseLCD                      
2000021c  qeiAvgVel                     
00000fb9  sendByte                      
00000b49  sendStr                       
00001241  setCmd                        
00001111  setCursorPositionLCD          
00001251  setData                       
20000238  str3                          
20000248  tmpvol                        
20000220  totalVolume                   
20000260  velocidad                     
20000230  volume                        
20000228  volumecopy                    


GLOBAL SYMBOLS: SORTED BY Symbol Address 

address   name                          
-------   ----                          
00000000  __TI_static_base__            
00000000  g_pfnVectors                  
00000200  __STACK_SIZE                  
0000026d  main                          
0000046d  __aeabi_dsub                  
00000477  __aeabi_dadd                  
00000623  GPIOPadConfigSet              
00000755  SysCtlClockGet                
00000865  __aeabi_dmul                  
00000961  ConfigureQEI                  
00000a55  SysCtlClockSet                
00000b49  sendStr                       
00000c21  __aeabi_memcpy                
00000c21  __aeabi_memcpy4               
00000c21  __aeabi_memcpy8               
00000c21  memcpy                        
00000cbd  initLCD                       
00000d4d  __aeabi_d2f                   
00000dbd  IntEnable                     
00000e25  __TI_decompress_lzss          
00000e8d  manejadorInterrupcion_QEI     
00000ee9  GPIOPinConfigure              
00000f31  __TI_auto_init_nobinit_nopinit
00000f75  __aeabi_d2uiz                 
00000fb9  sendByte                      
00000ff9  getDecStr                     
00001035  SysCtlPeripheralReady         
0000106d  _c_int00_noargs               
000010a5  __aeabi_f2d                   
000010dd  SysCtlPeripheralEnable        
00001111  setCursorPositionLCD          
0000113f  GPIODirModeSet                
00001169  pulseLCD                      
00001191  clearLCD                      
000011ad  GPIOPinTypeGPIOOutput         
000011c5  printLCD                      
000011dd  GPIOPinTypeQEI                
000011ef  __TI_zero_init_nomemset       
00001201  FPUEnable                     
00001211  FPULazyStackingEnable         
00001221  IntMasterEnable               
00001231  QEIVelocityConfigure          
00001241  setCmd                        
00001251  setData                       
00001261  QEIConfigure                  
0000126f  QEIDirectionGet               
0000127d  __TI_decompress_none          
0000128b  CPUcpsie                      
00001297  QEIFilterConfigure            
000012a3  QEIDisable                    
000012ad  QEIEnable                     
000012b7  QEIFilterEnable               
000012c1  QEIIntDisable                 
000012cb  QEIIntStatus                  
000012d5  QEIVelocityEnable             
000012df  QEIIntEnable                  
000012e7  cursorOffLCD                  
000012ef  GPIOPinWrite                  
000012f5  ResetISR                      
000012fb  SysCtlDelay                   
00001301  QEIIntClear                   
00001305  QEIVelocityGet                
00001309  _system_pre_init              
0000130d  C$$EXIT                       
0000130d  abort                         
00001494  __TI_Handler_Table_Base       
000014a0  __TI_Handler_Table_Limit      
000014a8  __TI_CINIT_Base               
000014b8  __TI_CINIT_Limit              
20000000  __stack                       
20000200  QEI_IntSource                 
20000200  __STACK_END                   
20000200  __STACK_TOP                   
20000204  QEI_DirFlag                   
20000208  QEI_TimerFlag                 
2000020c  QEI_IndexFlag                 
20000210  IndexCounter                  
20000214  DirFlag                       
20000218  averageCounter                
2000021c  qeiAvgVel                     
20000220  totalVolume                   
20000228  volumecopy                    
2000022c  intVolume                     
20000230  volume                        
20000238  str3                          
20000244  cauda1                        
20000248  tmpvol                        
20000250  cauda2                        
20000254  caudal_instantaneo            
20000258  cursorPosition                
2000025c  globalVal                     
20000260  velocidad                     
ffffffff  __TI_pprof_out_hndl           
ffffffff  __TI_prof_data_size           
ffffffff  __TI_prof_data_start          
ffffffff  __binit__                     
ffffffff  __c_args__                    
ffffffff  binit                         
UNDEFED   __mpu_init                    
UNDEFED   _system_post_cinit            

[100 symbols]
