<?xml version="1.0" encoding="ISO-8859-1" ?>
<link_info>
   <banner>TI ARM Linker Unix v18.1.4.LTS</banner>
   <copyright>Copyright (c) 1996-2018 Texas Instruments Incorporated</copyright>
   <link_time>0x5c587adf</link_time>
   <link_errors>0x0</link_errors>
   <output_file>Flowmeter_v1.0.out</output_file>
   <entry_point>
      <name>_c_int00_noargs</name>
      <address>0x276d</address>
   </entry_point>
   <input_file_list>
      <input_file id="fl-1">
         <path>./</path>
         <kind>object</kind>
         <file>blinky.obj</file>
         <name>blinky.obj</name>
      </input_file>
      <input_file id="fl-2">
         <path>./</path>
         <kind>object</kind>
         <file>display.obj</file>
         <name>display.obj</name>
      </input_file>
      <input_file id="fl-3">
         <path>./</path>
         <kind>object</kind>
         <file>startup_ccs.obj</file>
         <name>startup_ccs.obj</name>
      </input_file>
      <input_file id="fl-8">
         <kind>object</kind>
         <file>&lt;internal&gt;</file>
         <name>&lt;internal&gt;</name>
      </input_file>
      <input_file id="fl-be">
         <path>/home/reinhold/ti/ccsv8/tools/compiler/ti-cgt-arm_18.1.4.LTS/lib/</path>
         <kind>archive</kind>
         <file>rtsv7M4_T_le_v4SPD16_eabi.lib</file>
         <name>fd_mul_t2.asm.obj</name>
      </input_file>
      <input_file id="fl-bf">
         <path>/home/reinhold/ti/ccsv8/tools/compiler/ti-cgt-arm_18.1.4.LTS/lib/</path>
         <kind>archive</kind>
         <file>rtsv7M4_T_le_v4SPD16_eabi.lib</file>
         <name>fd_tos_t2.asm.obj</name>
      </input_file>
      <input_file id="fl-c0">
         <path>/home/reinhold/ti/ccsv8/tools/compiler/ti-cgt-arm_18.1.4.LTS/lib/</path>
         <kind>archive</kind>
         <file>rtsv7M4_T_le_v4SPD16_eabi.lib</file>
         <name>fs_tod_t2.asm.obj</name>
      </input_file>
      <input_file id="fl-c1">
         <path>/home/reinhold/ti/ccsv8/tools/compiler/ti-cgt-arm_18.1.4.LTS/lib/</path>
         <kind>archive</kind>
         <file>rtsv7M4_T_le_v4SPD16_eabi.lib</file>
         <name>copy_zero_init.c.obj</name>
      </input_file>
      <input_file id="fl-c2">
         <path>/home/reinhold/ti/ccsv8/tools/compiler/ti-cgt-arm_18.1.4.LTS/lib/</path>
         <kind>archive</kind>
         <file>rtsv7M4_T_le_v4SPD16_eabi.lib</file>
         <name>copy_decompress_none.c.obj</name>
      </input_file>
      <input_file id="fl-c3">
         <path>/home/reinhold/ti/ccsv8/tools/compiler/ti-cgt-arm_18.1.4.LTS/lib/</path>
         <kind>archive</kind>
         <file>rtsv7M4_T_le_v4SPD16_eabi.lib</file>
         <name>copy_decompress_lzss.c.obj</name>
      </input_file>
      <input_file id="fl-c4">
         <path>/home/reinhold/ti/ccsv8/tools/compiler/ti-cgt-arm_18.1.4.LTS/lib/</path>
         <kind>archive</kind>
         <file>rtsv7M4_T_le_v4SPD16_eabi.lib</file>
         <name>boot_cortex_m.c.obj</name>
      </input_file>
      <input_file id="fl-c5">
         <path>/home/reinhold/ti/ccsv8/tools/compiler/ti-cgt-arm_18.1.4.LTS/lib/</path>
         <kind>archive</kind>
         <file>rtsv7M4_T_le_v4SPD16_eabi.lib</file>
         <name>exit.c.obj</name>
      </input_file>
      <input_file id="fl-c6">
         <path>/home/reinhold/ti/ccsv8/tools/compiler/ti-cgt-arm_18.1.4.LTS/lib/</path>
         <kind>archive</kind>
         <file>rtsv7M4_T_le_v4SPD16_eabi.lib</file>
         <name>_lock.c.obj</name>
      </input_file>
      <input_file id="fl-c7">
         <path>/home/reinhold/ti/ccsv8/tools/compiler/ti-cgt-arm_18.1.4.LTS/lib/</path>
         <kind>archive</kind>
         <file>rtsv7M4_T_le_v4SPD16_eabi.lib</file>
         <name>args_main.c.obj</name>
      </input_file>
      <input_file id="fl-c8">
         <path>/home/reinhold/ti/ccsv8/tools/compiler/ti-cgt-arm_18.1.4.LTS/lib/</path>
         <kind>archive</kind>
         <file>rtsv7M4_T_le_v4SPD16_eabi.lib</file>
         <name>sprintf.c.obj</name>
      </input_file>
      <input_file id="fl-c9">
         <path>/home/reinhold/ti/ccsv8/tools/compiler/ti-cgt-arm_18.1.4.LTS/lib/</path>
         <kind>archive</kind>
         <file>rtsv7M4_T_le_v4SPD16_eabi.lib</file>
         <name>strlen.c.obj</name>
      </input_file>
      <input_file id="fl-ca">
         <path>/home/reinhold/ti/ccsv8/tools/compiler/ti-cgt-arm_18.1.4.LTS/lib/</path>
         <kind>archive</kind>
         <file>rtsv7M4_T_le_v4SPD16_eabi.lib</file>
         <name>memcpy_t2.asm.obj</name>
      </input_file>
      <input_file id="fl-cb">
         <path>/home/reinhold/ti/ccsv8/tools/compiler/ti-cgt-arm_18.1.4.LTS/lib/</path>
         <kind>archive</kind>
         <file>rtsv7M4_T_le_v4SPD16_eabi.lib</file>
         <name>memset_t2.asm.obj</name>
      </input_file>
      <input_file id="fl-cc">
         <path>/home/reinhold/ti/ccsv8/tools/compiler/ti-cgt-arm_18.1.4.LTS/lib/</path>
         <kind>archive</kind>
         <file>rtsv7M4_T_le_v4SPD16_eabi.lib</file>
         <name>autoinit.c.obj</name>
      </input_file>
      <input_file id="fl-cd">
         <path>/home/reinhold/ti/ccsv8/tools/compiler/ti-cgt-arm_18.1.4.LTS/lib/</path>
         <kind>archive</kind>
         <file>rtsv7M4_T_le_v4SPD16_eabi.lib</file>
         <name>pre_init.c.obj</name>
      </input_file>
      <input_file id="fl-ce">
         <path>/home/reinhold/ti/ccsv8/tools/compiler/ti-cgt-arm_18.1.4.LTS/lib/</path>
         <kind>archive</kind>
         <file>rtsv7M4_T_le_v4SPD16_eabi.lib</file>
         <name>cpy_tbl.c.obj</name>
      </input_file>
      <input_file id="fl-cf">
         <path>/home/reinhold/ti/ccsv8/tools/compiler/ti-cgt-arm_18.1.4.LTS/lib/</path>
         <kind>archive</kind>
         <file>rtsv7M4_T_le_v4SPD16_eabi.lib</file>
         <name>_printfi.c.obj</name>
      </input_file>
      <input_file id="fl-d0">
         <path>/home/reinhold/ti/ccsv8/tools/compiler/ti-cgt-arm_18.1.4.LTS/lib/</path>
         <kind>archive</kind>
         <file>rtsv7M4_T_le_v4SPD16_eabi.lib</file>
         <name>atoi.c.obj</name>
      </input_file>
      <input_file id="fl-d1">
         <path>/home/reinhold/ti/ccsv8/tools/compiler/ti-cgt-arm_18.1.4.LTS/lib/</path>
         <kind>archive</kind>
         <file>rtsv7M4_T_le_v4SPD16_eabi.lib</file>
         <name>ctype.c.obj</name>
      </input_file>
      <input_file id="fl-d2">
         <path>/home/reinhold/ti/ccsv8/tools/compiler/ti-cgt-arm_18.1.4.LTS/lib/</path>
         <kind>archive</kind>
         <file>rtsv7M4_T_le_v4SPD16_eabi.lib</file>
         <name>ltoa.c.obj</name>
      </input_file>
      <input_file id="fl-d3">
         <path>/home/reinhold/ti/ccsv8/tools/compiler/ti-cgt-arm_18.1.4.LTS/lib/</path>
         <kind>archive</kind>
         <file>rtsv7M4_T_le_v4SPD16_eabi.lib</file>
         <name>memccpy.c.obj</name>
      </input_file>
      <input_file id="fl-d4">
         <path>/home/reinhold/ti/ccsv8/tools/compiler/ti-cgt-arm_18.1.4.LTS/lib/</path>
         <kind>archive</kind>
         <file>rtsv7M4_T_le_v4SPD16_eabi.lib</file>
         <name>strchr.c.obj</name>
      </input_file>
      <input_file id="fl-d5">
         <path>/home/reinhold/ti/ccsv8/tools/compiler/ti-cgt-arm_18.1.4.LTS/lib/</path>
         <kind>archive</kind>
         <file>rtsv7M4_T_le_v4SPD16_eabi.lib</file>
         <name>wcslen.c.obj</name>
      </input_file>
      <input_file id="fl-d6">
         <path>/home/reinhold/ti/ccsv8/tools/compiler/ti-cgt-arm_18.1.4.LTS/lib/</path>
         <kind>archive</kind>
         <file>rtsv7M4_T_le_v4SPD16_eabi.lib</file>
         <name>s_frexp.c.obj</name>
      </input_file>
      <input_file id="fl-d7">
         <path>/home/reinhold/ti/ccsv8/tools/compiler/ti-cgt-arm_18.1.4.LTS/lib/</path>
         <kind>archive</kind>
         <file>rtsv7M4_T_le_v4SPD16_eabi.lib</file>
         <name>s_scalbn.c.obj</name>
      </input_file>
      <input_file id="fl-d8">
         <path>/home/reinhold/ti/ccsv8/tools/compiler/ti-cgt-arm_18.1.4.LTS/lib/</path>
         <kind>archive</kind>
         <file>rtsv7M4_T_le_v4SPD16_eabi.lib</file>
         <name>fd_add_t2.asm.obj</name>
      </input_file>
      <input_file id="fl-d9">
         <path>/home/reinhold/ti/ccsv8/tools/compiler/ti-cgt-arm_18.1.4.LTS/lib/</path>
         <kind>archive</kind>
         <file>rtsv7M4_T_le_v4SPD16_eabi.lib</file>
         <name>fd_cmp_t2.asm.obj</name>
      </input_file>
      <input_file id="fl-da">
         <path>/home/reinhold/ti/ccsv8/tools/compiler/ti-cgt-arm_18.1.4.LTS/lib/</path>
         <kind>archive</kind>
         <file>rtsv7M4_T_le_v4SPD16_eabi.lib</file>
         <name>fd_div_t2.asm.obj</name>
      </input_file>
      <input_file id="fl-db">
         <path>/home/reinhold/ti/ccsv8/tools/compiler/ti-cgt-arm_18.1.4.LTS/lib/</path>
         <kind>archive</kind>
         <file>rtsv7M4_T_le_v4SPD16_eabi.lib</file>
         <name>fd_toi_t2.asm.obj</name>
      </input_file>
      <input_file id="fl-dc">
         <path>/home/reinhold/ti/ccsv8/tools/compiler/ti-cgt-arm_18.1.4.LTS/lib/</path>
         <kind>archive</kind>
         <file>rtsv7M4_T_le_v4SPD16_eabi.lib</file>
         <name>i_tofd_t2.asm.obj</name>
      </input_file>
      <input_file id="fl-dd">
         <path>/home/reinhold/ti/ccsv8/tools/compiler/ti-cgt-arm_18.1.4.LTS/lib/</path>
         <kind>archive</kind>
         <file>rtsv7M4_T_le_v4SPD16_eabi.lib</file>
         <name>ull_div_t2.asm.obj</name>
      </input_file>
      <input_file id="fl-de">
         <path>/home/reinhold/ti/ccsv8/tools/compiler/ti-cgt-arm_18.1.4.LTS/lib/</path>
         <kind>archive</kind>
         <file>rtsv7M4_T_le_v4SPD16_eabi.lib</file>
         <name>errno.c.obj</name>
      </input_file>
      <input_file id="fl-df">
         <path>/home/reinhold/ti/ccsv8/tools/compiler/ti-cgt-arm_18.1.4.LTS/lib/</path>
         <kind>archive</kind>
         <file>rtsv7M4_T_le_v4SPD16_eabi.lib</file>
         <name>s_copysign.c.obj</name>
      </input_file>
      <input_file id="fl-e0">
         <path>/home/reinhold/ti/ccsv8/tools/compiler/ti-cgt-arm_18.1.4.LTS/lib/</path>
         <kind>archive</kind>
         <file>rtsv7M4_T_le_v4SPD16_eabi.lib</file>
         <name>div0.asm.obj</name>
      </input_file>
      <input_file id="fl-e1">
         <path>/home/reinhold/Downloads/SW-EK-TM4C123GXL-2.1.4.178/driverlib/ccs/Debug/</path>
         <kind>archive</kind>
         <file>driverlib.lib</file>
         <name>gpio.obj</name>
      </input_file>
      <input_file id="fl-e2">
         <path>/home/reinhold/Downloads/SW-EK-TM4C123GXL-2.1.4.178/driverlib/ccs/Debug/</path>
         <kind>archive</kind>
         <file>driverlib.lib</file>
         <name>interrupt.obj</name>
      </input_file>
      <input_file id="fl-e3">
         <path>/home/reinhold/Downloads/SW-EK-TM4C123GXL-2.1.4.178/driverlib/ccs/Debug/</path>
         <kind>archive</kind>
         <file>driverlib.lib</file>
         <name>qei.obj</name>
      </input_file>
      <input_file id="fl-e4">
         <path>/home/reinhold/Downloads/SW-EK-TM4C123GXL-2.1.4.178/driverlib/ccs/Debug/</path>
         <kind>archive</kind>
         <file>driverlib.lib</file>
         <name>sysctl.obj</name>
      </input_file>
      <input_file id="fl-e5">
         <path>/home/reinhold/Downloads/SW-EK-TM4C123GXL-2.1.4.178/driverlib/ccs/Debug/</path>
         <kind>archive</kind>
         <file>driverlib.lib</file>
         <name>cpu.obj</name>
      </input_file>
   </input_file_list>
   <object_component_list>
      <object_component id="oc-f">
         <name>.intvecs</name>
         <load_address>0x0</load_address>
         <run_address>0x0</run_address>
         <size>0x26c</size>
         <input_file_ref idref="fl-3"/>
      </object_component>
      <object_component id="oc-22d">
         <name>.text:__TI_printfi</name>
         <load_address>0x26c</load_address>
         <run_address>0x26c</run_address>
         <size>0xa5e</size>
         <input_file_ref idref="fl-cf"/>
      </object_component>
      <object_component id="oc-30">
         <name>.text:FaultISR</name>
         <load_address>0xcca</load_address>
         <run_address>0xcca</run_address>
         <size>0x2</size>
         <input_file_ref idref="fl-3"/>
      </object_component>
      <object_component id="oc-2c9">
         <name>.text:_pconv_a</name>
         <load_address>0xccc</load_address>
         <run_address>0xccc</run_address>
         <size>0x270</size>
         <input_file_ref idref="fl-cf"/>
      </object_component>
      <object_component id="oc-c4">
         <name>.text:main</name>
         <load_address>0xf3c</load_address>
         <run_address>0xf3c</run_address>
         <size>0x1d8</size>
         <input_file_ref idref="fl-1"/>
      </object_component>
      <object_component id="oc-2b7">
         <name>.text:_pconv_g</name>
         <load_address>0x1114</load_address>
         <run_address>0x1114</run_address>
         <size>0x1d0</size>
         <input_file_ref idref="fl-cf"/>
      </object_component>
      <object_component id="oc-347">
         <name>.text</name>
         <load_address>0x12e4</load_address>
         <run_address>0x12e4</run_address>
         <size>0x1b6</size>
         <input_file_ref idref="fl-d8"/>
      </object_component>
      <object_component id="oc-36">
         <name>.text:IntDefaultHandler</name>
         <load_address>0x149a</load_address>
         <run_address>0x149a</run_address>
         <size>0x2</size>
         <input_file_ref idref="fl-3"/>
      </object_component>
      <object_component id="oc-2c3">
         <name>.text:_pconv_e</name>
         <load_address>0x149c</load_address>
         <run_address>0x149c</run_address>
         <size>0x13c</size>
         <input_file_ref idref="fl-cf"/>
      </object_component>
      <object_component id="oc-32d">
         <name>.text</name>
         <load_address>0x15d8</load_address>
         <run_address>0x15d8</run_address>
         <size>0x136</size>
         <input_file_ref idref="fl-da"/>
      </object_component>
      <object_component id="oc-27d">
         <name>.text:GPIOPadConfigSet</name>
         <load_address>0x170e</load_address>
         <run_address>0x170e</run_address>
         <size>0x132</size>
         <input_file_ref idref="fl-e1"/>
      </object_component>
      <object_component id="oc-359">
         <name>.text:fcvt</name>
         <load_address>0x1840</load_address>
         <run_address>0x1840</run_address>
         <size>0x124</size>
         <input_file_ref idref="fl-cf"/>
      </object_component>
      <object_component id="oc-1cf">
         <name>.text:SysCtlClockGet</name>
         <load_address>0x1964</load_address>
         <run_address>0x1964</run_address>
         <size>0x110</size>
         <input_file_ref idref="fl-e4"/>
      </object_component>
      <object_component id="oc-36d">
         <name>.text:scalbn</name>
         <load_address>0x1a74</load_address>
         <run_address>0x1a74</run_address>
         <size>0x110</size>
         <input_file_ref idref="fl-d7"/>
      </object_component>
      <object_component id="oc-131">
         <name>.text</name>
         <load_address>0x1b84</load_address>
         <run_address>0x1b84</run_address>
         <size>0xfc</size>
         <input_file_ref idref="fl-be"/>
      </object_component>
      <object_component id="oc-fc">
         <name>.text:SysCtlClockSet</name>
         <load_address>0x1c80</load_address>
         <run_address>0x1c80</run_address>
         <size>0xf4</size>
         <input_file_ref idref="fl-e4"/>
      </object_component>
      <object_component id="oc-108">
         <name>.text:ConfigureQEI</name>
         <load_address>0x1d74</load_address>
         <run_address>0x1d74</run_address>
         <size>0xc4</size>
         <input_file_ref idref="fl-1"/>
      </object_component>
      <object_component id="oc-2ac">
         <name>.text:_ltostr</name>
         <load_address>0x1e38</load_address>
         <run_address>0x1e38</run_address>
         <size>0xb1</size>
         <input_file_ref idref="fl-cf"/>
      </object_component>
      <object_component id="oc-50">
         <name>.text</name>
         <load_address>0x1eea</load_address>
         <run_address>0x1eea</run_address>
         <size>0x9c</size>
         <input_file_ref idref="fl-ca"/>
      </object_component>
      <object_component id="oc-326">
         <name>.text</name>
         <load_address>0x1f86</load_address>
         <run_address>0x1f86</run_address>
         <size>0x96</size>
         <input_file_ref idref="fl-dd"/>
      </object_component>
      <object_component id="oc-114">
         <name>.text:initLCD</name>
         <load_address>0x201c</load_address>
         <run_address>0x201c</run_address>
         <size>0x90</size>
         <input_file_ref idref="fl-2"/>
      </object_component>
      <object_component id="oc-2b2">
         <name>.text:__aeabi_cdcmple</name>
         <load_address>0x20ac</load_address>
         <run_address>0x20ac</run_address>
         <size>0x86</size>
         <input_file_ref idref="fl-d9"/>
      </object_component>
      <object_component id="oc-332">
         <name>.text:__aeabi_cdrcmple</name>
         <load_address>0x2132</load_address>
         <run_address>0x2132</run_address>
         <size>0x86</size>
         <input_file_ref idref="fl-d9"/>
      </object_component>
      <object_component id="oc-b8">
         <name>.text</name>
         <load_address>0x21b8</load_address>
         <run_address>0x21b8</run_address>
         <size>0x7a</size>
         <input_file_ref idref="fl-cb"/>
      </object_component>
      <object_component id="oc-352">
         <name>.text:_mcpy</name>
         <load_address>0x2232</load_address>
         <run_address>0x2232</run_address>
         <size>0x6e</size>
         <input_file_ref idref="fl-cf"/>
      </object_component>
      <object_component id="oc-136">
         <name>.text</name>
         <load_address>0x22a0</load_address>
         <run_address>0x22a0</run_address>
         <size>0x6e</size>
         <input_file_ref idref="fl-bf"/>
      </object_component>
      <object_component id="oc-2a">
         <name>.text:NmiSR</name>
         <load_address>0x230e</load_address>
         <run_address>0x230e</run_address>
         <size>0x2</size>
         <input_file_ref idref="fl-3"/>
      </object_component>
      <object_component id="oc-1e7">
         <name>.text:IntEnable</name>
         <load_address>0x2310</load_address>
         <run_address>0x2310</run_address>
         <size>0x68</size>
         <input_file_ref idref="fl-e2"/>
      </object_component>
      <object_component id="oc-12">
         <name>.text:decompress:lzss:__TI_decompress_lzss</name>
         <load_address>0x2378</load_address>
         <run_address>0x2378</run_address>
         <size>0x68</size>
         <input_file_ref idref="fl-c3"/>
      </object_component>
      <object_component id="oc-367">
         <name>.text:frexp</name>
         <load_address>0x23e0</load_address>
         <run_address>0x23e0</run_address>
         <size>0x64</size>
         <input_file_ref idref="fl-d6"/>
      </object_component>
      <object_component id="oc-2bd">
         <name>.text:_pconv_f</name>
         <load_address>0x2444</load_address>
         <run_address>0x2444</run_address>
         <size>0x56</size>
         <input_file_ref idref="fl-cf"/>
      </object_component>
      <object_component id="oc-33c">
         <name>.text:ltoa</name>
         <load_address>0x249a</load_address>
         <run_address>0x249a</run_address>
         <size>0x54</size>
         <input_file_ref idref="fl-d2"/>
      </object_component>
      <object_component id="oc-34c">
         <name>.text:_ecpy</name>
         <load_address>0x24ee</load_address>
         <run_address>0x24ee</run_address>
         <size>0x52</size>
         <input_file_ref idref="fl-cf"/>
      </object_component>
      <object_component id="oc-2a6">
         <name>.text:atoi</name>
         <load_address>0x2540</load_address>
         <run_address>0x2540</run_address>
         <size>0x4c</size>
         <input_file_ref idref="fl-d0"/>
      </object_component>
      <object_component id="oc-3c">
         <name>.text:manejadorInterrupcion_QEI</name>
         <load_address>0x258c</load_address>
         <run_address>0x258c</run_address>
         <size>0x4c</size>
         <input_file_ref idref="fl-1"/>
      </object_component>
      <object_component id="oc-1a5">
         <name>.text:GPIOPinConfigure</name>
         <load_address>0x25d8</load_address>
         <run_address>0x25d8</run_address>
         <size>0x48</size>
         <input_file_ref idref="fl-e1"/>
      </object_component>
      <object_component id="oc-337">
         <name>.text</name>
         <load_address>0x2620</load_address>
         <run_address>0x2620</run_address>
         <size>0x48</size>
         <input_file_ref idref="fl-db"/>
      </object_component>
      <object_component id="oc-160">
         <name>.text:__TI_auto_init_nobinit_nopinit:__TI_auto_init_nobinit_nopinit</name>
         <load_address>0x2668</load_address>
         <run_address>0x2668</run_address>
         <size>0x44</size>
         <input_file_ref idref="fl-cc"/>
      </object_component>
      <object_component id="oc-213">
         <name>.text:sendByte</name>
         <load_address>0x26ac</load_address>
         <run_address>0x26ac</run_address>
         <size>0x40</size>
         <input_file_ref idref="fl-2"/>
      </object_component>
      <object_component id="oc-13b">
         <name>.text:sprintf</name>
         <load_address>0x26ec</load_address>
         <run_address>0x26ec</run_address>
         <size>0x40</size>
         <input_file_ref idref="fl-c8"/>
      </object_component>
      <object_component id="oc-35f">
         <name>.text:_fcpy</name>
         <load_address>0x272c</load_address>
         <run_address>0x272c</run_address>
         <size>0x3e</size>
         <input_file_ref idref="fl-cf"/>
      </object_component>
      <object_component id="oc-3ad">
         <name>.text</name>
         <load_address>0x276a</load_address>
         <run_address>0x276a</run_address>
         <size>0x2</size>
         <input_file_ref idref="fl-e0"/>
      </object_component>
      <object_component id="oc-6e">
         <name>.text:_c_int00_noargs:_c_int00_noargs</name>
         <load_address>0x276c</load_address>
         <run_address>0x276c</run_address>
         <size>0x38</size>
         <input_file_ref idref="fl-c4"/>
      </object_component>
      <object_component id="oc-12c">
         <name>.text</name>
         <load_address>0x27a4</load_address>
         <run_address>0x27a4</run_address>
         <size>0x38</size>
         <input_file_ref idref="fl-c0"/>
      </object_component>
      <object_component id="oc-10e">
         <name>.text:ConfigureGPIOC</name>
         <load_address>0x27dc</load_address>
         <run_address>0x27dc</run_address>
         <size>0x34</size>
         <input_file_ref idref="fl-1"/>
      </object_component>
      <object_component id="oc-19f">
         <name>.text:SysCtlPeripheralEnable</name>
         <load_address>0x2810</load_address>
         <run_address>0x2810</run_address>
         <size>0x34</size>
         <input_file_ref idref="fl-e4"/>
      </object_component>
      <object_component id="oc-342">
         <name>.text</name>
         <load_address>0x2844</load_address>
         <run_address>0x2844</run_address>
         <size>0x2e</size>
         <input_file_ref idref="fl-dc"/>
      </object_component>
      <object_component id="oc-11a">
         <name>.text:setCursorPositionLCD</name>
         <load_address>0x2872</load_address>
         <run_address>0x2872</run_address>
         <size>0x2e</size>
         <input_file_ref idref="fl-2"/>
      </object_component>
      <object_component id="oc-277">
         <name>.text:GPIODirModeSet</name>
         <load_address>0x28a0</load_address>
         <run_address>0x28a0</run_address>
         <size>0x2a</size>
         <input_file_ref idref="fl-e1"/>
      </object_component>
      <object_component id="oc-20d">
         <name>.text:pulseLCD</name>
         <load_address>0x28cc</load_address>
         <run_address>0x28cc</run_address>
         <size>0x28</size>
         <input_file_ref idref="fl-2"/>
      </object_component>
      <object_component id="oc-21f">
         <name>.text:clearLCD</name>
         <load_address>0x28f4</load_address>
         <run_address>0x28f4</run_address>
         <size>0x1c</size>
         <input_file_ref idref="fl-2"/>
      </object_component>
      <object_component id="oc-2cf">
         <name>.text:memccpy</name>
         <load_address>0x2910</load_address>
         <run_address>0x2910</run_address>
         <size>0x1c</size>
         <input_file_ref idref="fl-d3"/>
      </object_component>
      <object_component id="oc-1fa">
         <name>.text:GPIOPinTypeGPIOOutput</name>
         <load_address>0x292c</load_address>
         <run_address>0x292c</run_address>
         <size>0x18</size>
         <input_file_ref idref="fl-e1"/>
      </object_component>
      <object_component id="oc-233">
         <name>.text:_outs</name>
         <load_address>0x2944</load_address>
         <run_address>0x2944</run_address>
         <size>0x18</size>
         <input_file_ref idref="fl-c8"/>
      </object_component>
      <object_component id="oc-120">
         <name>.text:printLCD</name>
         <load_address>0x295c</load_address>
         <run_address>0x295c</run_address>
         <size>0x18</size>
         <input_file_ref idref="fl-2"/>
      </object_component>
      <object_component id="oc-373">
         <name>.text:strchr</name>
         <load_address>0x2974</load_address>
         <run_address>0x2974</run_address>
         <size>0x16</size>
         <input_file_ref idref="fl-d4"/>
      </object_component>
      <object_component id="oc-3c5">
         <name>.text:copysign</name>
         <load_address>0x298a</load_address>
         <run_address>0x298a</run_address>
         <size>0x14</size>
         <input_file_ref idref="fl-df"/>
      </object_component>
      <object_component id="oc-141">
         <name>.text:strlen</name>
         <load_address>0x299e</load_address>
         <run_address>0x299e</run_address>
         <size>0x14</size>
         <input_file_ref idref="fl-c9"/>
      </object_component>
      <object_component id="oc-1ab">
         <name>.text:GPIOPinTypeQEI</name>
         <load_address>0x29b2</load_address>
         <run_address>0x29b2</run_address>
         <size>0x12</size>
         <input_file_ref idref="fl-e1"/>
      </object_component>
      <object_component id="oc-5c">
         <name>.text:decompress:ZI:__TI_zero_init_nomemset:__TI_zero_init_nomemset</name>
         <load_address>0x29c4</load_address>
         <run_address>0x29c4</run_address>
         <size>0x12</size>
         <input_file_ref idref="fl-c1"/>
      </object_component>
      <object_component id="oc-2d5">
         <name>.text:wcslen</name>
         <load_address>0x29d6</load_address>
         <run_address>0x29d6</run_address>
         <size>0x12</size>
         <input_file_ref idref="fl-d5"/>
      </object_component>
      <object_component id="oc-102">
         <name>.text:IntMasterEnable</name>
         <load_address>0x29e8</load_address>
         <run_address>0x29e8</run_address>
         <size>0x10</size>
         <input_file_ref idref="fl-e2"/>
      </object_component>
      <object_component id="oc-1d5">
         <name>.text:QEIVelocityConfigure</name>
         <load_address>0x29f8</load_address>
         <run_address>0x29f8</run_address>
         <size>0x10</size>
         <input_file_ref idref="fl-e3"/>
      </object_component>
      <object_component id="oc-207">
         <name>.text:setCmd</name>
         <load_address>0x2a08</load_address>
         <run_address>0x2a08</run_address>
         <size>0x10</size>
         <input_file_ref idref="fl-2"/>
      </object_component>
      <object_component id="oc-29b">
         <name>.text:setData</name>
         <load_address>0x2a18</load_address>
         <run_address>0x2a18</run_address>
         <size>0x10</size>
         <input_file_ref idref="fl-2"/>
      </object_component>
      <object_component id="oc-1c9">
         <name>.text:QEIConfigure</name>
         <load_address>0x2a28</load_address>
         <run_address>0x2a28</run_address>
         <size>0xe</size>
         <input_file_ref idref="fl-e3"/>
      </object_component>
      <object_component id="oc-147">
         <name>.text:QEIDirectionGet</name>
         <load_address>0x2a36</load_address>
         <run_address>0x2a36</run_address>
         <size>0xe</size>
         <input_file_ref idref="fl-e3"/>
      </object_component>
      <object_component id="oc-18">
         <name>.text:decompress:none:__TI_decompress_none</name>
         <load_address>0x2a44</load_address>
         <run_address>0x2a44</run_address>
         <size>0xe</size>
         <input_file_ref idref="fl-c2"/>
      </object_component>
      <object_component id="oc-198">
         <name>.text:CPUcpsie</name>
         <load_address>0x2a52</load_address>
         <run_address>0x2a52</run_address>
         <size>0xc</size>
         <input_file_ref idref="fl-e5"/>
      </object_component>
      <object_component id="oc-1c3">
         <name>.text:QEIFilterConfigure</name>
         <load_address>0x2a5e</load_address>
         <run_address>0x2a5e</run_address>
         <size>0xc</size>
         <input_file_ref idref="fl-e3"/>
      </object_component>
      <object_component id="oc-1b1">
         <name>.text:QEIDisable</name>
         <load_address>0x2a6a</load_address>
         <run_address>0x2a6a</run_address>
         <size>0xa</size>
         <input_file_ref idref="fl-e3"/>
      </object_component>
      <object_component id="oc-1db">
         <name>.text:QEIEnable</name>
         <load_address>0x2a74</load_address>
         <run_address>0x2a74</run_address>
         <size>0xa</size>
         <input_file_ref idref="fl-e3"/>
      </object_component>
      <object_component id="oc-1bd">
         <name>.text:QEIFilterEnable</name>
         <load_address>0x2a7e</load_address>
         <run_address>0x2a7e</run_address>
         <size>0xa</size>
         <input_file_ref idref="fl-e3"/>
      </object_component>
      <object_component id="oc-1b7">
         <name>.text:QEIIntDisable</name>
         <load_address>0x2a88</load_address>
         <run_address>0x2a88</run_address>
         <size>0xa</size>
         <input_file_ref idref="fl-e3"/>
      </object_component>
      <object_component id="oc-86">
         <name>.text:QEIIntStatus</name>
         <load_address>0x2a92</load_address>
         <run_address>0x2a92</run_address>
         <size>0xa</size>
         <input_file_ref idref="fl-e3"/>
      </object_component>
      <object_component id="oc-1ed">
         <name>.text:QEIVelocityEnable</name>
         <load_address>0x2a9c</load_address>
         <run_address>0x2a9c</run_address>
         <size>0xa</size>
         <input_file_ref idref="fl-e3"/>
      </object_component>
      <object_component id="oc-239">
         <name>.text:_outc</name>
         <load_address>0x2aa6</load_address>
         <run_address>0x2aa6</run_address>
         <size>0xa</size>
         <input_file_ref idref="fl-c8"/>
      </object_component>
      <object_component id="oc-1e1">
         <name>.text:QEIIntEnable</name>
         <load_address>0x2ab0</load_address>
         <run_address>0x2ab0</run_address>
         <size>0x8</size>
         <input_file_ref idref="fl-e3"/>
      </object_component>
      <object_component id="oc-2db">
         <name>.text:__aeabi_errno_addr</name>
         <load_address>0x2ab8</load_address>
         <run_address>0x2ab8</run_address>
         <size>0x8</size>
         <input_file_ref idref="fl-de"/>
      </object_component>
      <object_component id="oc-219">
         <name>.text:cursorOffLCD</name>
         <load_address>0x2ac0</load_address>
         <run_address>0x2ac0</run_address>
         <size>0x8</size>
         <input_file_ref idref="fl-2"/>
      </object_component>
      <object_component id="oc-200">
         <name>.text:GPIOPinWrite</name>
         <load_address>0x2ac8</load_address>
         <run_address>0x2ac8</run_address>
         <size>0x6</size>
         <input_file_ref idref="fl-e1"/>
      </object_component>
      <object_component id="oc-24">
         <name>.text:ResetISR</name>
         <load_address>0x2ace</load_address>
         <run_address>0x2ace</run_address>
         <size>0x6</size>
         <input_file_ref idref="fl-3"/>
      </object_component>
      <object_component id="oc-92">
         <name>.text:SysCtlDelay</name>
         <load_address>0x2ad4</load_address>
         <run_address>0x2ad4</run_address>
         <size>0x6</size>
         <input_file_ref idref="fl-e4"/>
      </object_component>
      <object_component id="oc-8c">
         <name>.text:QEIIntClear</name>
         <load_address>0x2ada</load_address>
         <run_address>0x2ada</run_address>
         <size>0x4</size>
         <input_file_ref idref="fl-e3"/>
      </object_component>
      <object_component id="oc-1f3">
         <name>.text:QEIPositionSet</name>
         <load_address>0x2ade</load_address>
         <run_address>0x2ade</run_address>
         <size>0x4</size>
         <input_file_ref idref="fl-e3"/>
      </object_component>
      <object_component id="oc-126">
         <name>.text:QEIVelocityGet</name>
         <load_address>0x2ae2</load_address>
         <run_address>0x2ae2</run_address>
         <size>0x4</size>
         <input_file_ref idref="fl-e3"/>
      </object_component>
      <object_component id="oc-be">
         <name>.text:_system_pre_init</name>
         <load_address>0x2ae6</load_address>
         <run_address>0x2ae6</run_address>
         <size>0x4</size>
         <input_file_ref idref="fl-cd"/>
      </object_component>
      <object_component id="oc-154">
         <name>.text:abort:abort</name>
         <load_address>0x2aea</load_address>
         <run_address>0x2aea</run_address>
         <size>0x4</size>
         <input_file_ref idref="fl-c5"/>
      </object_component>
      <object_component id="oc-321">
         <name>.const:.string:_ctypes_</name>
         <load_address>0x2af0</load_address>
         <run_address>0x2af0</run_address>
         <size>0x101</size>
         <input_file_ref idref="fl-d1"/>
      </object_component>
      <object_component id="oc-272">
         <name>.const:g_pui32GPIOBaseAddrs</name>
         <load_address>0x2bf4</load_address>
         <run_address>0x2bf4</run_address>
         <size>0x90</size>
         <input_file_ref idref="fl-e1"/>
      </object_component>
      <object_component id="oc-290">
         <name>.const</name>
         <load_address>0x2c84</load_address>
         <run_address>0x2c84</run_address>
         <size>0x70</size>
         <input_file_ref idref="fl-e2"/>
      </object_component>
      <object_component id="oc-289">
         <name>.const:g_pui32Xtals</name>
         <load_address>0x2cf4</load_address>
         <run_address>0x2cf4</run_address>
         <size>0x6c</size>
         <input_file_ref idref="fl-e4"/>
      </object_component>
      <object_component id="oc-41b">
         <name>.cinit..data.load</name>
         <load_address>0x2d60</load_address>
         <run_address>0x2d60</run_address>
         <size>0xc</size>
      </object_component>
      <object_component id="oc-419">
         <name>__TI_handler_table</name>
         <load_address>0x2d6c</load_address>
         <run_address>0x2d6c</run_address>
         <size>0xc</size>
      </object_component>
      <object_component id="oc-41c">
         <name>.cinit..bss.load</name>
         <load_address>0x2d78</load_address>
         <run_address>0x2d78</run_address>
         <size>0x8</size>
      </object_component>
      <object_component id="oc-41a">
         <name>__TI_cinit_table</name>
         <load_address>0x2d80</load_address>
         <run_address>0x2d80</run_address>
         <size>0x10</size>
      </object_component>
      <object_component id="oc-93">
         <name>.data</name>
         <load_address>0x20000828</load_address>
         <run_address>0x20000828</run_address>
         <size>0x20</size>
         <input_file_ref idref="fl-1"/>
      </object_component>
      <object_component id="oc-383">
         <name>.data</name>
         <load_address>0x20000848</load_address>
         <run_address>0x20000848</run_address>
         <size>0x4</size>
         <input_file_ref idref="fl-de"/>
      </object_component>
      <object_component id="oc-150">
         <name>.common:velocidad</name>
         <uninitialized>true</uninitialized>
         <run_address>0x20000824</run_address>
         <size>0x4</size>
      </object_component>
      <object_component id="oc-151">
         <name>.common:caudal_instantaneo</name>
         <uninitialized>true</uninitialized>
         <run_address>0x2000081c</run_address>
         <size>0x4</size>
      </object_component>
      <object_component id="oc-14d">
         <name>.common:str</name>
         <uninitialized>true</uninitialized>
         <run_address>0x20000810</run_address>
         <size>0x8</size>
      </object_component>
      <object_component id="oc-152">
         <name>.common:cursorPosition</name>
         <uninitialized>true</uninitialized>
         <run_address>0x20000820</run_address>
         <size>0x4</size>
      </object_component>
      <object_component id="oc-14e">
         <name>.common:cauda</name>
         <uninitialized>true</uninitialized>
         <run_address>0x20000818</run_address>
         <size>0x4</size>
      </object_component>
      <object_component id="oc-14f">
         <name>.common:averageValues</name>
         <uninitialized>true</uninitialized>
         <run_address>0x20000800</run_address>
         <size>0x10</size>
      </object_component>
      <object_component id="oc-21">
         <name>.stack</name>
         <uninitialized>true</uninitialized>
         <run_address>0x20000000</run_address>
         <size>0x4</size>
         <input_file_ref idref="fl-c4"/>
      </object_component>
      <object_component id="oc-41d">
         <name>.stack</name>
         <uninitialized>true</uninitialized>
         <run_address>0x20000000</run_address>
         <size>0x0</size>
      </object_component>
      <object_component id="oc-e5">
         <name>.debug_info</name>
         <load_address>0x0</load_address>
         <run_address>0x0</run_address>
         <size>0x955</size>
         <input_file_ref idref="fl-1"/>
      </object_component>
      <object_component id="oc-94">
         <name>.debug_info</name>
         <load_address>0x955</load_address>
         <run_address>0x955</run_address>
         <size>0x1d6</size>
         <input_file_ref idref="fl-1"/>
      </object_component>
      <object_component id="oc-3d">
         <name>.debug_info</name>
         <load_address>0xb2b</load_address>
         <run_address>0xb2b</run_address>
         <size>0x158</size>
         <input_file_ref idref="fl-1"/>
      </object_component>
      <object_component id="oc-109">
         <name>.debug_info</name>
         <load_address>0xc83</load_address>
         <run_address>0xc83</run_address>
         <size>0x2ad</size>
         <input_file_ref idref="fl-1"/>
      </object_component>
      <object_component id="oc-10f">
         <name>.debug_info</name>
         <load_address>0xf30</load_address>
         <run_address>0xf30</run_address>
         <size>0x16a</size>
         <input_file_ref idref="fl-1"/>
      </object_component>
      <object_component id="oc-c5">
         <name>.debug_info</name>
         <load_address>0x109a</load_address>
         <run_address>0x109a</run_address>
         <size>0x296</size>
         <input_file_ref idref="fl-1"/>
      </object_component>
      <object_component id="oc-99">
         <name>.debug_info</name>
         <load_address>0x1330</load_address>
         <run_address>0x1330</run_address>
         <size>0x26b</size>
         <input_file_ref idref="fl-1"/>
      </object_component>
      <object_component id="oc-dc">
         <name>.debug_info</name>
         <load_address>0x159b</load_address>
         <run_address>0x159b</run_address>
         <size>0x8b</size>
         <input_file_ref idref="fl-1"/>
      </object_component>
      <object_component id="oc-e7">
         <name>.debug_info</name>
         <load_address>0x1626</load_address>
         <run_address>0x1626</run_address>
         <size>0x297</size>
         <input_file_ref idref="fl-1"/>
      </object_component>
      <object_component id="oc-9e">
         <name>.debug_info</name>
         <load_address>0x18bd</load_address>
         <run_address>0x18bd</run_address>
         <size>0xbb</size>
         <input_file_ref idref="fl-1"/>
      </object_component>
      <object_component id="oc-241">
         <name>.debug_info</name>
         <load_address>0x1978</load_address>
         <run_address>0x1978</run_address>
         <size>0x2c</size>
         <input_file_ref idref="fl-1"/>
      </object_component>
      <object_component id="oc-227">
         <name>.debug_info</name>
         <load_address>0x19a4</load_address>
         <run_address>0x19a4</run_address>
         <size>0x34a</size>
         <input_file_ref idref="fl-2"/>
      </object_component>
      <object_component id="oc-208">
         <name>.debug_info</name>
         <load_address>0x1cee</load_address>
         <run_address>0x1cee</run_address>
         <size>0x10c</size>
         <input_file_ref idref="fl-2"/>
      </object_component>
      <object_component id="oc-29c">
         <name>.debug_info</name>
         <load_address>0x1dfa</load_address>
         <run_address>0x1dfa</run_address>
         <size>0x10e</size>
         <input_file_ref idref="fl-2"/>
      </object_component>
      <object_component id="oc-20e">
         <name>.debug_info</name>
         <load_address>0x1f08</load_address>
         <run_address>0x1f08</run_address>
         <size>0x13b</size>
         <input_file_ref idref="fl-2"/>
      </object_component>
      <object_component id="oc-214">
         <name>.debug_info</name>
         <load_address>0x2043</load_address>
         <run_address>0x2043</run_address>
         <size>0x1d7</size>
         <input_file_ref idref="fl-2"/>
      </object_component>
      <object_component id="oc-11b">
         <name>.debug_info</name>
         <load_address>0x221a</load_address>
         <run_address>0x221a</run_address>
         <size>0x177</size>
         <input_file_ref idref="fl-2"/>
      </object_component>
      <object_component id="oc-121">
         <name>.debug_info</name>
         <load_address>0x2391</load_address>
         <run_address>0x2391</run_address>
         <size>0x12d</size>
         <input_file_ref idref="fl-2"/>
      </object_component>
      <object_component id="oc-21a">
         <name>.debug_info</name>
         <load_address>0x24be</load_address>
         <run_address>0x24be</run_address>
         <size>0x114</size>
         <input_file_ref idref="fl-2"/>
      </object_component>
      <object_component id="oc-220">
         <name>.debug_info</name>
         <load_address>0x25d2</load_address>
         <run_address>0x25d2</run_address>
         <size>0x132</size>
         <input_file_ref idref="fl-2"/>
      </object_component>
      <object_component id="oc-115">
         <name>.debug_info</name>
         <load_address>0x2704</load_address>
         <run_address>0x2704</run_address>
         <size>0x24d</size>
         <input_file_ref idref="fl-2"/>
      </object_component>
      <object_component id="oc-4b">
         <name>.debug_info</name>
         <load_address>0x2951</load_address>
         <run_address>0x2951</run_address>
         <size>0x84</size>
         <input_file_ref idref="fl-2"/>
      </object_component>
      <object_component id="oc-44">
         <name>.debug_info</name>
         <load_address>0x29d5</load_address>
         <run_address>0x29d5</run_address>
         <size>0x2d9</size>
         <input_file_ref idref="fl-3"/>
      </object_component>
      <object_component id="oc-10">
         <name>.debug_info</name>
         <load_address>0x2cae</load_address>
         <run_address>0x2cae</run_address>
         <size>0xde</size>
         <input_file_ref idref="fl-3"/>
      </object_component>
      <object_component id="oc-25">
         <name>.debug_info</name>
         <load_address>0x2d8c</load_address>
         <run_address>0x2d8c</run_address>
         <size>0x10e</size>
         <input_file_ref idref="fl-3"/>
      </object_component>
      <object_component id="oc-2b">
         <name>.debug_info</name>
         <load_address>0x2e9a</load_address>
         <run_address>0x2e9a</run_address>
         <size>0xfd</size>
         <input_file_ref idref="fl-3"/>
      </object_component>
      <object_component id="oc-37">
         <name>.debug_info</name>
         <load_address>0x2f97</load_address>
         <run_address>0x2f97</run_address>
         <size>0x117</size>
         <input_file_ref idref="fl-3"/>
      </object_component>
      <object_component id="oc-31">
         <name>.debug_info</name>
         <load_address>0x30ae</load_address>
         <run_address>0x30ae</run_address>
         <size>0x105</size>
         <input_file_ref idref="fl-3"/>
      </object_component>
      <object_component id="oc-132">
         <name>.debug_info</name>
         <load_address>0x31b3</load_address>
         <run_address>0x31b3</run_address>
         <size>0x13d</size>
         <input_file_ref idref="fl-be"/>
      </object_component>
      <object_component id="oc-137">
         <name>.debug_info</name>
         <load_address>0x32f0</load_address>
         <run_address>0x32f0</run_address>
         <size>0x141</size>
         <input_file_ref idref="fl-bf"/>
      </object_component>
      <object_component id="oc-12d">
         <name>.debug_info</name>
         <load_address>0x3431</load_address>
         <run_address>0x3431</run_address>
         <size>0x12f</size>
         <input_file_ref idref="fl-c0"/>
      </object_component>
      <object_component id="oc-b7">
         <name>.debug_info</name>
         <load_address>0x3560</load_address>
         <run_address>0x3560</run_address>
         <size>0x31e</size>
         <input_file_ref idref="fl-c1"/>
      </object_component>
      <object_component id="oc-5d">
         <name>.debug_info</name>
         <load_address>0x387e</load_address>
         <run_address>0x387e</run_address>
         <size>0x1bf</size>
         <input_file_ref idref="fl-c1"/>
      </object_component>
      <object_component id="oc-b2">
         <name>.debug_info</name>
         <load_address>0x3a3d</load_address>
         <run_address>0x3a3d</run_address>
         <size>0x46</size>
         <input_file_ref idref="fl-c1"/>
      </object_component>
      <object_component id="oc-f3">
         <name>.debug_info</name>
         <load_address>0x3a83</load_address>
         <run_address>0x3a83</run_address>
         <size>0x2c</size>
         <input_file_ref idref="fl-c1"/>
      </object_component>
      <object_component id="oc-5b">
         <name>.debug_info</name>
         <load_address>0x3aaf</load_address>
         <run_address>0x3aaf</run_address>
         <size>0x2a8</size>
         <input_file_ref idref="fl-c2"/>
      </object_component>
      <object_component id="oc-19">
         <name>.debug_info</name>
         <load_address>0x3d57</load_address>
         <run_address>0x3d57</run_address>
         <size>0x1ea</size>
         <input_file_ref idref="fl-c2"/>
      </object_component>
      <object_component id="oc-56">
         <name>.debug_info</name>
         <load_address>0x3f41</load_address>
         <run_address>0x3f41</run_address>
         <size>0x46</size>
         <input_file_ref idref="fl-c2"/>
      </object_component>
      <object_component id="oc-aa">
         <name>.debug_info</name>
         <load_address>0x3f87</load_address>
         <run_address>0x3f87</run_address>
         <size>0x2c</size>
         <input_file_ref idref="fl-c2"/>
      </object_component>
      <object_component id="oc-a8">
         <name>.debug_info</name>
         <load_address>0x3fb3</load_address>
         <run_address>0x3fb3</run_address>
         <size>0x29e</size>
         <input_file_ref idref="fl-c3"/>
      </object_component>
      <object_component id="oc-13">
         <name>.debug_info</name>
         <load_address>0x4251</load_address>
         <run_address>0x4251</run_address>
         <size>0x250</size>
         <input_file_ref idref="fl-c3"/>
      </object_component>
      <object_component id="oc-46">
         <name>.debug_info</name>
         <load_address>0x44a1</load_address>
         <run_address>0x44a1</run_address>
         <size>0x60</size>
         <input_file_ref idref="fl-c3"/>
      </object_component>
      <object_component id="oc-ec">
         <name>.debug_info</name>
         <load_address>0x4501</load_address>
         <run_address>0x4501</run_address>
         <size>0x46</size>
         <input_file_ref idref="fl-c3"/>
      </object_component>
      <object_component id="oc-a3">
         <name>.debug_info</name>
         <load_address>0x4547</load_address>
         <run_address>0x4547</run_address>
         <size>0x39</size>
         <input_file_ref idref="fl-c3"/>
      </object_component>
      <object_component id="oc-22">
         <name>.debug_info</name>
         <load_address>0x4580</load_address>
         <run_address>0x4580</run_address>
         <size>0x10b</size>
         <input_file_ref idref="fl-c4"/>
      </object_component>
      <object_component id="oc-6f">
         <name>.debug_info</name>
         <load_address>0x468b</load_address>
         <run_address>0x468b</run_address>
         <size>0x1af</size>
         <input_file_ref idref="fl-c4"/>
      </object_component>
      <object_component id="oc-155">
         <name>.debug_info</name>
         <load_address>0x483a</load_address>
         <run_address>0x483a</run_address>
         <size>0x122</size>
         <input_file_ref idref="fl-c5"/>
      </object_component>
      <object_component id="oc-240">
         <name>.debug_info</name>
         <load_address>0x495c</load_address>
         <run_address>0x495c</run_address>
         <size>0x333</size>
         <input_file_ref idref="fl-c8"/>
      </object_component>
      <object_component id="oc-13c">
         <name>.debug_info</name>
         <load_address>0x4c8f</load_address>
         <run_address>0x4c8f</run_address>
         <size>0x1d1</size>
         <input_file_ref idref="fl-c8"/>
      </object_component>
      <object_component id="oc-234">
         <name>.debug_info</name>
         <load_address>0x4e60</load_address>
         <run_address>0x4e60</run_address>
         <size>0x18d</size>
         <input_file_ref idref="fl-c8"/>
      </object_component>
      <object_component id="oc-23a">
         <name>.debug_info</name>
         <load_address>0x4fed</load_address>
         <run_address>0x4fed</run_address>
         <size>0x16d</size>
         <input_file_ref idref="fl-c8"/>
      </object_component>
      <object_component id="oc-38a">
         <name>.debug_info</name>
         <load_address>0x515a</load_address>
         <run_address>0x515a</run_address>
         <size>0x2c</size>
         <input_file_ref idref="fl-c8"/>
      </object_component>
      <object_component id="oc-247">
         <name>.debug_info</name>
         <load_address>0x5186</load_address>
         <run_address>0x5186</run_address>
         <size>0x28f</size>
         <input_file_ref idref="fl-c9"/>
      </object_component>
      <object_component id="oc-142">
         <name>.debug_info</name>
         <load_address>0x5415</load_address>
         <run_address>0x5415</run_address>
         <size>0x24b</size>
         <input_file_ref idref="fl-c9"/>
      </object_component>
      <object_component id="oc-51">
         <name>.debug_info</name>
         <load_address>0x5660</load_address>
         <run_address>0x5660</run_address>
         <size>0x11c</size>
         <input_file_ref idref="fl-ca"/>
      </object_component>
      <object_component id="oc-b9">
         <name>.debug_info</name>
         <load_address>0x577c</load_address>
         <run_address>0x577c</run_address>
         <size>0x14a</size>
         <input_file_ref idref="fl-cb"/>
      </object_component>
      <object_component id="oc-254">
         <name>.debug_info</name>
         <load_address>0x58c6</load_address>
         <run_address>0x58c6</run_address>
         <size>0x552</size>
         <input_file_ref idref="fl-cc"/>
      </object_component>
      <object_component id="oc-161">
         <name>.debug_info</name>
         <load_address>0x5e18</load_address>
         <run_address>0x5e18</run_address>
         <size>0x1a6</size>
         <input_file_ref idref="fl-cc"/>
      </object_component>
      <object_component id="oc-303">
         <name>.debug_info</name>
         <load_address>0x5fbe</load_address>
         <run_address>0x5fbe</run_address>
         <size>0x39</size>
         <input_file_ref idref="fl-cc"/>
      </object_component>
      <object_component id="oc-39c">
         <name>.debug_info</name>
         <load_address>0x5ff7</load_address>
         <run_address>0x5ff7</run_address>
         <size>0x39</size>
         <input_file_ref idref="fl-cc"/>
      </object_component>
      <object_component id="oc-308">
         <name>.debug_info</name>
         <load_address>0x6030</load_address>
         <run_address>0x6030</run_address>
         <size>0x39</size>
         <input_file_ref idref="fl-cc"/>
      </object_component>
      <object_component id="oc-30d">
         <name>.debug_info</name>
         <load_address>0x6069</load_address>
         <run_address>0x6069</run_address>
         <size>0xcd</size>
         <input_file_ref idref="fl-cc"/>
      </object_component>
      <object_component id="oc-bf">
         <name>.debug_info</name>
         <load_address>0x6136</load_address>
         <run_address>0x6136</run_address>
         <size>0x153</size>
         <input_file_ref idref="fl-cd"/>
      </object_component>
      <object_component id="oc-2e2">
         <name>.debug_info</name>
         <load_address>0x6289</load_address>
         <run_address>0x6289</run_address>
         <size>0x8b1</size>
         <input_file_ref idref="fl-cf"/>
      </object_component>
      <object_component id="oc-2ad">
         <name>.debug_info</name>
         <load_address>0x6b3a</load_address>
         <run_address>0x6b3a</run_address>
         <size>0x21e</size>
         <input_file_ref idref="fl-cf"/>
      </object_component>
      <object_component id="oc-34d">
         <name>.debug_info</name>
         <load_address>0x6d58</load_address>
         <run_address>0x6d58</run_address>
         <size>0x1b3</size>
         <input_file_ref idref="fl-cf"/>
      </object_component>
      <object_component id="oc-353">
         <name>.debug_info</name>
         <load_address>0x6f0b</load_address>
         <run_address>0x6f0b</run_address>
         <size>0x21b</size>
         <input_file_ref idref="fl-cf"/>
      </object_component>
      <object_component id="oc-2b8">
         <name>.debug_info</name>
         <load_address>0x7126</load_address>
         <run_address>0x7126</run_address>
         <size>0x3bb</size>
         <input_file_ref idref="fl-cf"/>
      </object_component>
      <object_component id="oc-35a">
         <name>.debug_info</name>
         <load_address>0x74e1</load_address>
         <run_address>0x74e1</run_address>
         <size>0x305</size>
         <input_file_ref idref="fl-cf"/>
      </object_component>
      <object_component id="oc-360">
         <name>.debug_info</name>
         <load_address>0x77e6</load_address>
         <run_address>0x77e6</run_address>
         <size>0x215</size>
         <input_file_ref idref="fl-cf"/>
      </object_component>
      <object_component id="oc-2be">
         <name>.debug_info</name>
         <load_address>0x79fb</load_address>
         <run_address>0x79fb</run_address>
         <size>0x215</size>
         <input_file_ref idref="fl-cf"/>
      </object_component>
      <object_component id="oc-2c4">
         <name>.debug_info</name>
         <load_address>0x7c10</load_address>
         <run_address>0x7c10</run_address>
         <size>0x304</size>
         <input_file_ref idref="fl-cf"/>
      </object_component>
      <object_component id="oc-2ca">
         <name>.debug_info</name>
         <load_address>0x7f14</load_address>
         <run_address>0x7f14</run_address>
         <size>0x4b0</size>
         <input_file_ref idref="fl-cf"/>
      </object_component>
      <object_component id="oc-22e">
         <name>.debug_info</name>
         <load_address>0x83c4</load_address>
         <run_address>0x83c4</run_address>
         <size>0x5d8</size>
         <input_file_ref idref="fl-cf"/>
      </object_component>
      <object_component id="oc-2e3">
         <name>.debug_info</name>
         <load_address>0x899c</load_address>
         <run_address>0x899c</run_address>
         <size>0x86</size>
         <input_file_ref idref="fl-cf"/>
      </object_component>
      <object_component id="oc-38f">
         <name>.debug_info</name>
         <load_address>0x8a22</load_address>
         <run_address>0x8a22</run_address>
         <size>0x39</size>
         <input_file_ref idref="fl-cf"/>
      </object_component>
      <object_component id="oc-3dc">
         <name>.debug_info</name>
         <load_address>0x8a5b</load_address>
         <run_address>0x8a5b</run_address>
         <size>0xb6</size>
         <input_file_ref idref="fl-cf"/>
      </object_component>
      <object_component id="oc-394">
         <name>.debug_info</name>
         <load_address>0x8b11</load_address>
         <run_address>0x8b11</run_address>
         <size>0x46</size>
         <input_file_ref idref="fl-cf"/>
      </object_component>
      <object_component id="oc-2e8">
         <name>.debug_info</name>
         <load_address>0x8b57</load_address>
         <run_address>0x8b57</run_address>
         <size>0x46</size>
         <input_file_ref idref="fl-cf"/>
      </object_component>
      <object_component id="oc-325">
         <name>.debug_info</name>
         <load_address>0x8b9d</load_address>
         <run_address>0x8b9d</run_address>
         <size>0x2b9</size>
         <input_file_ref idref="fl-d0"/>
      </object_component>
      <object_component id="oc-2a7">
         <name>.debug_info</name>
         <load_address>0x8e56</load_address>
         <run_address>0x8e56</run_address>
         <size>0x17c</size>
         <input_file_ref idref="fl-d0"/>
      </object_component>
      <object_component id="oc-3aa">
         <name>.debug_info</name>
         <load_address>0x8fd2</load_address>
         <run_address>0x8fd2</run_address>
         <size>0xf9</size>
         <input_file_ref idref="fl-d1"/>
      </object_component>
      <object_component id="oc-322">
         <name>.debug_info</name>
         <load_address>0x90cb</load_address>
         <run_address>0x90cb</run_address>
         <size>0x105</size>
         <input_file_ref idref="fl-d1"/>
      </object_component>
      <object_component id="oc-3b7">
         <name>.debug_info</name>
         <load_address>0x91d0</load_address>
         <run_address>0x91d0</run_address>
         <size>0x29b</size>
         <input_file_ref idref="fl-d2"/>
      </object_component>
      <object_component id="oc-33d">
         <name>.debug_info</name>
         <load_address>0x946b</load_address>
         <run_address>0x946b</run_address>
         <size>0x1cd</size>
         <input_file_ref idref="fl-d2"/>
      </object_component>
      <object_component id="oc-37b">
         <name>.debug_info</name>
         <load_address>0x9638</load_address>
         <run_address>0x9638</run_address>
         <size>0x296</size>
         <input_file_ref idref="fl-d3"/>
      </object_component>
      <object_component id="oc-2d0">
         <name>.debug_info</name>
         <load_address>0x98ce</load_address>
         <run_address>0x98ce</run_address>
         <size>0x1b6</size>
         <input_file_ref idref="fl-d3"/>
      </object_component>
      <object_component id="oc-3ce">
         <name>.debug_info</name>
         <load_address>0x9a84</load_address>
         <run_address>0x9a84</run_address>
         <size>0x29a</size>
         <input_file_ref idref="fl-d4"/>
      </object_component>
      <object_component id="oc-374">
         <name>.debug_info</name>
         <load_address>0x9d1e</load_address>
         <run_address>0x9d1e</run_address>
         <size>0x268</size>
         <input_file_ref idref="fl-d4"/>
      </object_component>
      <object_component id="oc-382">
         <name>.debug_info</name>
         <load_address>0x9f86</load_address>
         <run_address>0x9f86</run_address>
         <size>0x28f</size>
         <input_file_ref idref="fl-d5"/>
      </object_component>
      <object_component id="oc-2d6">
         <name>.debug_info</name>
         <load_address>0xa215</load_address>
         <run_address>0xa215</run_address>
         <size>0x15a</size>
         <input_file_ref idref="fl-d5"/>
      </object_component>
      <object_component id="oc-3d1">
         <name>.debug_info</name>
         <load_address>0xa36f</load_address>
         <run_address>0xa36f</run_address>
         <size>0x46</size>
         <input_file_ref idref="fl-d5"/>
      </object_component>
      <object_component id="oc-37d">
         <name>.debug_info</name>
         <load_address>0xa3b5</load_address>
         <run_address>0xa3b5</run_address>
         <size>0x39</size>
         <input_file_ref idref="fl-d5"/>
      </object_component>
      <object_component id="oc-3bf">
         <name>.debug_info</name>
         <load_address>0xa3ee</load_address>
         <run_address>0xa3ee</run_address>
         <size>0x29a</size>
         <input_file_ref idref="fl-d6"/>
      </object_component>
      <object_component id="oc-368">
         <name>.debug_info</name>
         <load_address>0xa688</load_address>
         <run_address>0xa688</run_address>
         <size>0x195</size>
         <input_file_ref idref="fl-d6"/>
      </object_component>
      <object_component id="oc-3e8">
         <name>.debug_info</name>
         <load_address>0xa81d</load_address>
         <run_address>0xa81d</run_address>
         <size>0x39</size>
         <input_file_ref idref="fl-d6"/>
      </object_component>
      <object_component id="oc-3c0">
         <name>.debug_info</name>
         <load_address>0xa856</load_address>
         <run_address>0xa856</run_address>
         <size>0x2c</size>
         <input_file_ref idref="fl-d6"/>
      </object_component>
      <object_component id="oc-3cc">
         <name>.debug_info</name>
         <load_address>0xa882</load_address>
         <run_address>0xa882</run_address>
         <size>0x2fd</size>
         <input_file_ref idref="fl-d7"/>
      </object_component>
      <object_component id="oc-36f">
         <name>.debug_info</name>
         <load_address>0xab7f</load_address>
         <run_address>0xab7f</run_address>
         <size>0x225</size>
         <input_file_ref idref="fl-d7"/>
      </object_component>
      <object_component id="oc-34a">
         <name>.debug_info</name>
         <load_address>0xada4</load_address>
         <run_address>0xada4</run_address>
         <size>0x14f</size>
         <input_file_ref idref="fl-d8"/>
      </object_component>
      <object_component id="oc-2b4">
         <name>.debug_info</name>
         <load_address>0xaef3</load_address>
         <run_address>0xaef3</run_address>
         <size>0x12b</size>
         <input_file_ref idref="fl-d9"/>
      </object_component>
      <object_component id="oc-334">
         <name>.debug_info</name>
         <load_address>0xb01e</load_address>
         <run_address>0xb01e</run_address>
         <size>0x12d</size>
         <input_file_ref idref="fl-d9"/>
      </object_component>
      <object_component id="oc-32e">
         <name>.debug_info</name>
         <load_address>0xb14b</load_address>
         <run_address>0xb14b</run_address>
         <size>0x13d</size>
         <input_file_ref idref="fl-da"/>
      </object_component>
      <object_component id="oc-338">
         <name>.debug_info</name>
         <load_address>0xb288</load_address>
         <run_address>0xb288</run_address>
         <size>0x131</size>
         <input_file_ref idref="fl-db"/>
      </object_component>
      <object_component id="oc-343">
         <name>.debug_info</name>
         <load_address>0xb3b9</load_address>
         <run_address>0xb3b9</run_address>
         <size>0x12f</size>
         <input_file_ref idref="fl-dc"/>
      </object_component>
      <object_component id="oc-327">
         <name>.debug_info</name>
         <load_address>0xb4e8</load_address>
         <run_address>0xb4e8</run_address>
         <size>0x137</size>
         <input_file_ref idref="fl-dd"/>
      </object_component>
      <object_component id="oc-387">
         <name>.debug_info</name>
         <load_address>0xb61f</load_address>
         <run_address>0xb61f</run_address>
         <size>0x289</size>
         <input_file_ref idref="fl-de"/>
      </object_component>
      <object_component id="oc-384">
         <name>.debug_info</name>
         <load_address>0xb8a8</load_address>
         <run_address>0xb8a8</run_address>
         <size>0x10e</size>
         <input_file_ref idref="fl-de"/>
      </object_component>
      <object_component id="oc-2dc">
         <name>.debug_info</name>
         <load_address>0xb9b6</load_address>
         <run_address>0xb9b6</run_address>
         <size>0x14e</size>
         <input_file_ref idref="fl-de"/>
      </object_component>
      <object_component id="oc-3c6">
         <name>.debug_info</name>
         <load_address>0xbb04</load_address>
         <run_address>0xbb04</run_address>
         <size>0x161</size>
         <input_file_ref idref="fl-df"/>
      </object_component>
      <object_component id="oc-3ae">
         <name>.debug_info</name>
         <load_address>0xbc65</load_address>
         <run_address>0xbc65</run_address>
         <size>0x118</size>
         <input_file_ref idref="fl-e0"/>
      </object_component>
      <object_component id="oc-276">
         <name>.debug_info</name>
         <load_address>0xbd7d</load_address>
         <run_address>0xbd7d</run_address>
         <size>0x240</size>
         <input_file_ref idref="fl-e1"/>
      </object_component>
      <object_component id="oc-273">
         <name>.debug_info</name>
         <load_address>0xbfbd</load_address>
         <run_address>0xbfbd</run_address>
         <size>0x15b</size>
         <input_file_ref idref="fl-e1"/>
      </object_component>
      <object_component id="oc-203">
         <name>.debug_info</name>
         <load_address>0xc118</load_address>
         <run_address>0xc118</run_address>
         <size>0x2a3</size>
         <input_file_ref idref="fl-e1"/>
      </object_component>
      <object_component id="oc-27a">
         <name>.debug_info</name>
         <load_address>0xc3bb</load_address>
         <run_address>0xc3bb</run_address>
         <size>0x2b3</size>
         <input_file_ref idref="fl-e1"/>
      </object_component>
      <object_component id="oc-280">
         <name>.debug_info</name>
         <load_address>0xc66e</load_address>
         <run_address>0xc66e</run_address>
         <size>0x316</size>
         <input_file_ref idref="fl-e1"/>
      </object_component>
      <object_component id="oc-1ad">
         <name>.debug_info</name>
         <load_address>0xc984</load_address>
         <run_address>0xc984</run_address>
         <size>0x279</size>
         <input_file_ref idref="fl-e1"/>
      </object_component>
      <object_component id="oc-1fc">
         <name>.debug_info</name>
         <load_address>0xcbfd</load_address>
         <run_address>0xcbfd</run_address>
         <size>0x2b7</size>
         <input_file_ref idref="fl-e1"/>
      </object_component>
      <object_component id="oc-1a6">
         <name>.debug_info</name>
         <load_address>0xceb4</load_address>
         <run_address>0xceb4</run_address>
         <size>0x280</size>
         <input_file_ref idref="fl-e1"/>
      </object_component>
      <object_component id="oc-d7">
         <name>.debug_info</name>
         <load_address>0xd134</load_address>
         <run_address>0xd134</run_address>
         <size>0x18b</size>
         <input_file_ref idref="fl-e1"/>
      </object_component>
      <object_component id="oc-294">
         <name>.debug_info</name>
         <load_address>0xd2bf</load_address>
         <run_address>0xd2bf</run_address>
         <size>0x20e</size>
         <input_file_ref idref="fl-e2"/>
      </object_component>
      <object_component id="oc-291">
         <name>.debug_info</name>
         <load_address>0xd4cd</load_address>
         <run_address>0xd4cd</run_address>
         <size>0x210</size>
         <input_file_ref idref="fl-e2"/>
      </object_component>
      <object_component id="oc-106">
         <name>.debug_info</name>
         <load_address>0xd6dd</load_address>
         <run_address>0xd6dd</run_address>
         <size>0x23e</size>
         <input_file_ref idref="fl-e2"/>
      </object_component>
      <object_component id="oc-1eb">
         <name>.debug_info</name>
         <load_address>0xd91b</load_address>
         <run_address>0xd91b</run_address>
         <size>0x268</size>
         <input_file_ref idref="fl-e2"/>
      </object_component>
      <object_component id="oc-e1">
         <name>.debug_info</name>
         <load_address>0xdb83</load_address>
         <run_address>0xdb83</run_address>
         <size>0x1e8</size>
         <input_file_ref idref="fl-e3"/>
      </object_component>
      <object_component id="oc-127">
         <name>.debug_info</name>
         <load_address>0xdd6b</load_address>
         <run_address>0xdd6b</run_address>
         <size>0x250</size>
         <input_file_ref idref="fl-e3"/>
      </object_component>
      <object_component id="oc-1ee">
         <name>.debug_info</name>
         <load_address>0xdfbb</load_address>
         <run_address>0xdfbb</run_address>
         <size>0x252</size>
         <input_file_ref idref="fl-e3"/>
      </object_component>
      <object_component id="oc-1d6">
         <name>.debug_info</name>
         <load_address>0xe20d</load_address>
         <run_address>0xe20d</run_address>
         <size>0x2cc</size>
         <input_file_ref idref="fl-e3"/>
      </object_component>
      <object_component id="oc-1f4">
         <name>.debug_info</name>
         <load_address>0xe4d9</load_address>
         <run_address>0xe4d9</run_address>
         <size>0x28b</size>
         <input_file_ref idref="fl-e3"/>
      </object_component>
      <object_component id="oc-87">
         <name>.debug_info</name>
         <load_address>0xe764</load_address>
         <run_address>0xe764</run_address>
         <size>0x27a</size>
         <input_file_ref idref="fl-e3"/>
      </object_component>
      <object_component id="oc-1e2">
         <name>.debug_info</name>
         <load_address>0xe9de</load_address>
         <run_address>0xe9de</run_address>
         <size>0x28a</size>
         <input_file_ref idref="fl-e3"/>
      </object_component>
      <object_component id="oc-1b8">
         <name>.debug_info</name>
         <load_address>0xec68</load_address>
         <run_address>0xec68</run_address>
         <size>0x28c</size>
         <input_file_ref idref="fl-e3"/>
      </object_component>
      <object_component id="oc-8d">
         <name>.debug_info</name>
         <load_address>0xeef4</load_address>
         <run_address>0xeef4</run_address>
         <size>0x288</size>
         <input_file_ref idref="fl-e3"/>
      </object_component>
      <object_component id="oc-1be">
         <name>.debug_info</name>
         <load_address>0xf17c</load_address>
         <run_address>0xf17c</run_address>
         <size>0x24e</size>
         <input_file_ref idref="fl-e3"/>
      </object_component>
      <object_component id="oc-1c4">
         <name>.debug_info</name>
         <load_address>0xf3ca</load_address>
         <run_address>0xf3ca</run_address>
         <size>0x292</size>
         <input_file_ref idref="fl-e3"/>
      </object_component>
      <object_component id="oc-1dc">
         <name>.debug_info</name>
         <load_address>0xf65c</load_address>
         <run_address>0xf65c</run_address>
         <size>0x23f</size>
         <input_file_ref idref="fl-e3"/>
      </object_component>
      <object_component id="oc-1b2">
         <name>.debug_info</name>
         <load_address>0xf89b</load_address>
         <run_address>0xf89b</run_address>
         <size>0x241</size>
         <input_file_ref idref="fl-e3"/>
      </object_component>
      <object_component id="oc-148">
         <name>.debug_info</name>
         <load_address>0xfadc</load_address>
         <run_address>0xfadc</run_address>
         <size>0x24f</size>
         <input_file_ref idref="fl-e3"/>
      </object_component>
      <object_component id="oc-1ca">
         <name>.debug_info</name>
         <load_address>0xfd2b</load_address>
         <run_address>0xfd2b</run_address>
         <size>0x2cd</size>
         <input_file_ref idref="fl-e3"/>
      </object_component>
      <object_component id="oc-197">
         <name>.debug_info</name>
         <load_address>0xfff8</load_address>
         <run_address>0xfff8</run_address>
         <size>0x298</size>
         <input_file_ref idref="fl-e4"/>
      </object_component>
      <object_component id="oc-28a">
         <name>.debug_info</name>
         <load_address>0x10290</load_address>
         <run_address>0x10290</run_address>
         <size>0x14d</size>
         <input_file_ref idref="fl-e4"/>
      </object_component>
      <object_component id="oc-1a0">
         <name>.debug_info</name>
         <load_address>0x103dd</load_address>
         <run_address>0x103dd</run_address>
         <size>0x27d</size>
         <input_file_ref idref="fl-e4"/>
      </object_component>
      <object_component id="oc-fd">
         <name>.debug_info</name>
         <load_address>0x1065a</load_address>
         <run_address>0x1065a</run_address>
         <size>0x2db</size>
         <input_file_ref idref="fl-e4"/>
      </object_component>
      <object_component id="oc-1d0">
         <name>.debug_info</name>
         <load_address>0x10935</load_address>
         <run_address>0x10935</run_address>
         <size>0x2b5</size>
         <input_file_ref idref="fl-e4"/>
      </object_component>
      <object_component id="oc-26b">
         <name>.debug_info</name>
         <load_address>0x10bea</load_address>
         <run_address>0x10bea</run_address>
         <size>0x5f</size>
         <input_file_ref idref="fl-e4"/>
      </object_component>
      <object_component id="oc-199">
         <name>.debug_info</name>
         <load_address>0x10c49</load_address>
         <run_address>0x10c49</run_address>
         <size>0x212</size>
         <input_file_ref idref="fl-e5"/>
      </object_component>
      <object_component id="oc-41e">
         <name>.debug_info</name>
         <load_address>0x10e5b</load_address>
         <run_address>0x10e5b</run_address>
         <size>0xa1</size>
      </object_component>
      <object_component id="oc-195">
         <name>.debug_line</name>
         <load_address>0x0</load_address>
         <run_address>0x0</run_address>
         <size>0x1b5</size>
         <input_file_ref idref="fl-1"/>
      </object_component>
      <object_component id="oc-e4">
         <name>.debug_line</name>
         <load_address>0x1b5</load_address>
         <run_address>0x1b5</run_address>
         <size>0x2f</size>
         <input_file_ref idref="fl-1"/>
      </object_component>
      <object_component id="oc-40">
         <name>.debug_line</name>
         <load_address>0x1e4</load_address>
         <run_address>0x1e4</run_address>
         <size>0x51</size>
         <input_file_ref idref="fl-1"/>
      </object_component>
      <object_component id="oc-10c">
         <name>.debug_line</name>
         <load_address>0x235</load_address>
         <run_address>0x235</run_address>
         <size>0x63</size>
         <input_file_ref idref="fl-1"/>
      </object_component>
      <object_component id="oc-112">
         <name>.debug_line</name>
         <load_address>0x298</load_address>
         <run_address>0x298</run_address>
         <size>0x47</size>
         <input_file_ref idref="fl-1"/>
      </object_component>
      <object_component id="oc-c8">
         <name>.debug_line</name>
         <load_address>0x2df</load_address>
         <run_address>0x2df</run_address>
         <size>0x9d</size>
         <input_file_ref idref="fl-1"/>
      </object_component>
      <object_component id="oc-9c">
         <name>.debug_line</name>
         <load_address>0x37c</load_address>
         <run_address>0x37c</run_address>
         <size>0x75</size>
         <input_file_ref idref="fl-1"/>
      </object_component>
      <object_component id="oc-df">
         <name>.debug_line</name>
         <load_address>0x3f1</load_address>
         <run_address>0x3f1</run_address>
         <size>0x20</size>
         <input_file_ref idref="fl-1"/>
      </object_component>
      <object_component id="oc-ea">
         <name>.debug_line</name>
         <load_address>0x411</load_address>
         <run_address>0x411</run_address>
         <size>0x79</size>
         <input_file_ref idref="fl-1"/>
      </object_component>
      <object_component id="oc-a1">
         <name>.debug_line</name>
         <load_address>0x48a</load_address>
         <run_address>0x48a</run_address>
         <size>0x76</size>
         <input_file_ref idref="fl-1"/>
      </object_component>
      <object_component id="oc-244">
         <name>.debug_line</name>
         <load_address>0x500</load_address>
         <run_address>0x500</run_address>
         <size>0x71</size>
         <input_file_ref idref="fl-1"/>
      </object_component>
      <object_component id="oc-2a5">
         <name>.debug_line</name>
         <load_address>0x571</load_address>
         <run_address>0x571</run_address>
         <size>0xb2</size>
         <input_file_ref idref="fl-2"/>
      </object_component>
      <object_component id="oc-20b">
         <name>.debug_line</name>
         <load_address>0x623</load_address>
         <run_address>0x623</run_address>
         <size>0x42</size>
         <input_file_ref idref="fl-2"/>
      </object_component>
      <object_component id="oc-29f">
         <name>.debug_line</name>
         <load_address>0x665</load_address>
         <run_address>0x665</run_address>
         <size>0x42</size>
         <input_file_ref idref="fl-2"/>
      </object_component>
      <object_component id="oc-211">
         <name>.debug_line</name>
         <load_address>0x6a7</load_address>
         <run_address>0x6a7</run_address>
         <size>0x47</size>
         <input_file_ref idref="fl-2"/>
      </object_component>
      <object_component id="oc-217">
         <name>.debug_line</name>
         <load_address>0x6ee</load_address>
         <run_address>0x6ee</run_address>
         <size>0x51</size>
         <input_file_ref idref="fl-2"/>
      </object_component>
      <object_component id="oc-11e">
         <name>.debug_line</name>
         <load_address>0x73f</load_address>
         <run_address>0x73f</run_address>
         <size>0x54</size>
         <input_file_ref idref="fl-2"/>
      </object_component>
      <object_component id="oc-124">
         <name>.debug_line</name>
         <load_address>0x793</load_address>
         <run_address>0x793</run_address>
         <size>0x4c</size>
[...]
            <available_space>
               <start_address>0x2000084c</start_address>
               <size>0x77b4</size>
            </available_space>
         </usage_details>
      </memory_area>
   </placement_map>
   <cptbl_list>
      <cptbl>
         <name>__TI_cinit_table</name>
         <cprec>
            <name>.data</name>
            <load_address>0x2d60</load_address>
            <load_size>0xc</load_size>
            <run_address>0x20000828</run_address>
            <run_size>0x24</run_size>
            <compression>lzss</compression>
         </cprec>
         <cprec>
            <name>.bss</name>
            <load_address>0x2d78</load_address>
            <load_size>0x8</load_size>
            <run_address>0x20000800</run_address>
            <run_size>0x28</run_size>
            <compression>zero_init</compression>
         </cprec>
      </cptbl>
   </cptbl_list>
   <handler_table>
      <handler_table_name>__TI_handler_table</handler_table_name>
      <handler>
         <index>0x0</index>
         <name>__TI_decompress_lzss</name>
      </handler>
      <handler>
         <index>0x1</index>
         <name>__TI_decompress_none</name>
      </handler>
      <handler>
         <index>0x2</index>
         <name>__TI_zero_init</name>
      </handler>
   </handler_table>
   <symbol_table>
      <symbol id="sm-1">
         <name>__STACK_TOP</name>
         <value>0x20000200</value>
      </symbol>
      <symbol id="sm-2">
         <name>__TI_CINIT_Base</name>
         <value>0x2d80</value>
      </symbol>
      <symbol id="sm-3">
         <name>__TI_CINIT_Limit</name>
         <value>0x2d90</value>
      </symbol>
      <symbol id="sm-4">
         <name>__TI_Handler_Table_Base</name>
         <value>0x2d6c</value>
      </symbol>
      <symbol id="sm-5">
         <name>__TI_Handler_Table_Limit</name>
         <value>0x2d78</value>
      </symbol>
      <symbol id="sm-6">
         <name>binit</name>
         <value>0xffffffff</value>
      </symbol>
      <symbol id="sm-7">
         <name>__binit__</name>
         <value>0xffffffff</value>
      </symbol>
      <symbol id="sm-8">
         <name>__STACK_SIZE</name>
         <value>0x800</value>
      </symbol>
      <symbol id="sm-9">
         <name>__STACK_END</name>
         <value>0x20000800</value>
      </symbol>
      <symbol id="sm-a">
         <name>__c_args__</name>
         <value>0xffffffff</value>
      </symbol>
      <symbol id="sm-b">
         <name>__TI_pprof_out_hndl</name>
         <value>0xffffffff</value>
      </symbol>
      <symbol id="sm-c">
         <name>__TI_prof_data_start</name>
         <value>0xffffffff</value>
      </symbol>
      <symbol id="sm-d">
         <name>__TI_prof_data_size</name>
         <value>0xffffffff</value>
      </symbol>
      <symbol id="sm-9d">
         <name>velocidad</name>
         <value>0x20000824</value>
      </symbol>
      <symbol id="sm-9e">
         <name>caudal_instantaneo</name>
         <value>0x2000081c</value>
      </symbol>
      <symbol id="sm-9f">
         <name>str</name>
         <value>0x20000810</value>
      </symbol>
      <symbol id="sm-a0">
         <name>cursorPosition</name>
         <value>0x20000820</value>
      </symbol>
      <symbol id="sm-a1">
         <name>cauda</name>
         <value>0x20000818</value>
      </symbol>
      <symbol id="sm-a2">
         <name>averageValues</name>
         <value>0x20000800</value>
      </symbol>
      <symbol id="sm-a3">
         <name>QEI_IntSource</name>
         <value>0x2000082c</value>
         <object_component_ref idref="oc-93"/>
      </symbol>
      <symbol id="sm-a4">
         <name>showFlag</name>
         <value>0x20000844</value>
         <object_component_ref idref="oc-93"/>
      </symbol>
      <symbol id="sm-a5">
         <name>manejadorInterrupcion_QEI</name>
         <value>0x258d</value>
         <object_component_ref idref="oc-3c"/>
      </symbol>
      <symbol id="sm-a6">
         <name>ConfigureGPIOC</name>
         <value>0x27dd</value>
         <object_component_ref idref="oc-10e"/>
      </symbol>
      <symbol id="sm-a7">
         <name>main</name>
         <value>0xf3d</value>
         <object_component_ref idref="oc-c4"/>
      </symbol>
      <symbol id="sm-a8">
         <name>ConfigureQEI</name>
         <value>0x1d75</value>
         <object_component_ref idref="oc-108"/>
      </symbol>
      <symbol id="sm-a9">
         <name>QEI_DirFlag</name>
         <value>0x20000830</value>
         <object_component_ref idref="oc-93"/>
      </symbol>
      <symbol id="sm-aa">
         <name>averageCounter</name>
         <value>0x2000083c</value>
         <object_component_ref idref="oc-93"/>
      </symbol>
      <symbol id="sm-ab">
         <name>qeiAvgVel</name>
         <value>0x20000840</value>
         <object_component_ref idref="oc-93"/>
      </symbol>
      <symbol id="sm-ac">
         <name>DirFlag</name>
         <value>0x20000838</value>
         <object_component_ref idref="oc-93"/>
      </symbol>
      <symbol id="sm-ad">
         <name>QEI_TimerFlag</name>
         <value>0x20000834</value>
         <object_component_ref idref="oc-93"/>
      </symbol>
      <symbol id="sm-ae">
         <name>time</name>
         <value>0x20000828</value>
         <object_component_ref idref="oc-93"/>
      </symbol>
      <symbol id="sm-115">
         <name>clearLCD</name>
         <value>0x28f5</value>
         <object_component_ref idref="oc-21f"/>
      </symbol>
      <symbol id="sm-116">
         <name>setCursorPositionLCD</name>
         <value>0x2873</value>
         <object_component_ref idref="oc-11a"/>
      </symbol>
      <symbol id="sm-117">
         <name>cursorOffLCD</name>
         <value>0x2ac1</value>
         <object_component_ref idref="oc-219"/>
      </symbol>
      <symbol id="sm-118">
         <name>printLCD</name>
         <value>0x295d</value>
         <object_component_ref idref="oc-120"/>
      </symbol>
      <symbol id="sm-119">
         <name>pulseLCD</name>
         <value>0x28cd</value>
         <object_component_ref idref="oc-20d"/>
      </symbol>
      <symbol id="sm-11a">
         <name>sendByte</name>
         <value>0x26ad</value>
         <object_component_ref idref="oc-213"/>
      </symbol>
      <symbol id="sm-11b">
         <name>setData</name>
         <value>0x2a19</value>
         <object_component_ref idref="oc-29b"/>
      </symbol>
      <symbol id="sm-11c">
         <name>initLCD</name>
         <value>0x201d</value>
         <object_component_ref idref="oc-114"/>
      </symbol>
      <symbol id="sm-11d">
         <name>setCmd</name>
         <value>0x2a09</value>
         <object_component_ref idref="oc-207"/>
      </symbol>
      <symbol id="sm-14e">
         <name>ResetISR</name>
         <value>0x2acf</value>
         <object_component_ref idref="oc-24"/>
      </symbol>
      <symbol id="sm-14f">
         <name>g_pfnVectors</name>
         <value>0x0</value>
         <object_component_ref idref="oc-f"/>
      </symbol>
      <symbol id="sm-15a">
         <name>__aeabi_dmul</name>
         <value>0x1b85</value>
         <object_component_ref idref="oc-131"/>
      </symbol>
      <symbol id="sm-166">
         <name>__aeabi_d2f</name>
         <value>0x22a1</value>
         <object_component_ref idref="oc-136"/>
      </symbol>
      <symbol id="sm-171">
         <name>__aeabi_f2d</name>
         <value>0x27a5</value>
         <object_component_ref idref="oc-12c"/>
      </symbol>
      <symbol id="sm-18a">
         <name>__TI_zero_init_nomemset</name>
         <value>0x29c5</value>
         <object_component_ref idref="oc-5c"/>
      </symbol>
      <symbol id="sm-1a1">
         <name>__TI_decompress_none</name>
         <value>0x2a45</value>
         <object_component_ref idref="oc-18"/>
      </symbol>
      <symbol id="sm-1c4">
         <name>__TI_decompress_lzss</name>
         <value>0x2379</value>
         <object_component_ref idref="oc-12"/>
      </symbol>
      <symbol id="sm-1d7">
         <name>__stack</name>
         <value>0x20000000</value>
         <object_component_ref idref="oc-21"/>
      </symbol>
      <symbol id="sm-1d8">
         <name>_c_int00_noargs</name>
         <value>0x276d</value>
         <object_component_ref idref="oc-6e"/>
      </symbol>
      <symbol id="sm-1e3">
         <name>C$$EXIT</name>
         <value>0x2aeb</value>
         <object_component_ref idref="oc-154"/>
      </symbol>
      <symbol id="sm-1e4">
         <name>abort</name>
         <value>0x2aeb</value>
         <object_component_ref idref="oc-154"/>
      </symbol>
      <symbol id="sm-20d">
         <name>sprintf</name>
         <value>0x26ed</value>
         <object_component_ref idref="oc-13b"/>
      </symbol>
      <symbol id="sm-21b">
         <name>strlen</name>
         <value>0x299f</value>
         <object_component_ref idref="oc-141"/>
      </symbol>
      <symbol id="sm-236">
         <name>memcpy</name>
         <value>0x1eeb</value>
         <object_component_ref idref="oc-50"/>
      </symbol>
      <symbol id="sm-237">
         <name>__aeabi_memcpy</name>
         <value>0x1eeb</value>
         <object_component_ref idref="oc-50"/>
      </symbol>
      <symbol id="sm-238">
         <name>__aeabi_memcpy8</name>
         <value>0x1eeb</value>
         <object_component_ref idref="oc-50"/>
      </symbol>
      <symbol id="sm-239">
         <name>__aeabi_memcpy4</name>
         <value>0x1eeb</value>
         <object_component_ref idref="oc-50"/>
      </symbol>
      <symbol id="sm-248">
         <name>__aeabi_memset</name>
         <value>0x21bb</value>
         <object_component_ref idref="oc-b8"/>
      </symbol>
      <symbol id="sm-249">
         <name>memset</name>
         <value>0x21c1</value>
         <object_component_ref idref="oc-b8"/>
      </symbol>
      <symbol id="sm-24a">
         <name>__aeabi_memset8</name>
         <value>0x21bb</value>
         <object_component_ref idref="oc-b8"/>
      </symbol>
      <symbol id="sm-24b">
         <name>__aeabi_memset4</name>
         <value>0x21bb</value>
         <object_component_ref idref="oc-b8"/>
      </symbol>
      <symbol id="sm-24c">
         <name>__aeabi_memclr8</name>
         <value>0x21b9</value>
         <object_component_ref idref="oc-b8"/>
      </symbol>
      <symbol id="sm-24d">
         <name>__aeabi_memclr4</name>
         <value>0x21b9</value>
         <object_component_ref idref="oc-b8"/>
      </symbol>
      <symbol id="sm-24e">
         <name>__aeabi_memclr</name>
         <value>0x21b9</value>
         <object_component_ref idref="oc-b8"/>
      </symbol>
      <symbol id="sm-276">
         <name>__TI_auto_init_nobinit_nopinit</name>
         <value>0x2669</value>
         <object_component_ref idref="oc-160"/>
      </symbol>
      <symbol id="sm-280">
         <name>_system_pre_init</name>
         <value>0x2ae7</value>
         <object_component_ref idref="oc-be"/>
      </symbol>
      <symbol id="sm-3e6">
         <name>__TI_printfi</name>
         <value>0x26d</value>
         <object_component_ref idref="oc-22d"/>
      </symbol>
      <symbol id="sm-3fc">
         <name>atoi</name>
         <value>0x2541</value>
         <object_component_ref idref="oc-2a6"/>
      </symbol>
      <symbol id="sm-407">
         <name>_ctypes_</name>
         <value>0x2af0</value>
         <object_component_ref idref="oc-321"/>
      </symbol>
      <symbol id="sm-416">
         <name>ltoa</name>
         <value>0x249b</value>
         <object_component_ref idref="oc-33c"/>
      </symbol>
      <symbol id="sm-426">
         <name>memccpy</name>
         <value>0x2911</value>
         <object_component_ref idref="oc-2cf"/>
      </symbol>
      <symbol id="sm-436">
         <name>strchr</name>
         <value>0x2975</value>
         <object_component_ref idref="oc-373"/>
      </symbol>
      <symbol id="sm-44f">
         <name>wcslen</name>
         <value>0x29d7</value>
         <object_component_ref idref="oc-2d5"/>
      </symbol>
      <symbol id="sm-46f">
         <name>frexpl</name>
         <value>0x23e1</value>
         <object_component_ref idref="oc-367"/>
      </symbol>
      <symbol id="sm-470">
         <name>frexp</name>
         <value>0x23e1</value>
         <object_component_ref idref="oc-367"/>
      </symbol>
      <symbol id="sm-48d">
         <name>scalbn</name>
         <value>0x1a75</value>
         <object_component_ref idref="oc-36d"/>
      </symbol>
      <symbol id="sm-48e">
         <name>scalbnl</name>
         <value>0x1a75</value>
         <object_component_ref idref="oc-36d"/>
      </symbol>
      <symbol id="sm-48f">
         <name>ldexpl</name>
         <value>0x1a75</value>
         <object_component_ref idref="oc-36d"/>
      </symbol>
      <symbol id="sm-490">
         <name>ldexp</name>
         <value>0x1a75</value>
         <object_component_ref idref="oc-36d"/>
      </symbol>
      <symbol id="sm-4a7">
         <name>__aeabi_dsub</name>
         <value>0x12e5</value>
         <object_component_ref idref="oc-347"/>
      </symbol>
      <symbol id="sm-4a8">
         <name>__aeabi_dadd</name>
         <value>0x12ef</value>
         <object_component_ref idref="oc-347"/>
      </symbol>
      <symbol id="sm-4ca">
         <name>__aeabi_cdcmpeq</name>
         <value>0x20ad</value>
         <object_component_ref idref="oc-2b2"/>
      </symbol>
      <symbol id="sm-4cb">
         <name>__aeabi_cdcmple</name>
         <value>0x20ad</value>
         <object_component_ref idref="oc-2b2"/>
      </symbol>
      <symbol id="sm-4cc">
         <name>__aeabi_cdrcmple</name>
         <value>0x2133</value>
         <object_component_ref idref="oc-332"/>
      </symbol>
      <symbol id="sm-4e0">
         <name>__aeabi_ddiv</name>
         <value>0x15d9</value>
         <object_component_ref idref="oc-32d"/>
      </symbol>
      <symbol id="sm-4ea">
         <name>__aeabi_d2iz</name>
         <value>0x2621</value>
         <object_component_ref idref="oc-337"/>
      </symbol>
      <symbol id="sm-4f4">
         <name>__aeabi_i2d</name>
         <value>0x2845</value>
         <object_component_ref idref="oc-342"/>
      </symbol>
      <symbol id="sm-501">
         <name>__aeabi_uldivmod</name>
         <value>0x1f87</value>
         <object_component_ref idref="oc-326"/>
      </symbol>
      <symbol id="sm-517">
         <name>__aeabi_errno_addr</name>
         <value>0x2ab9</value>
         <object_component_ref idref="oc-2db"/>
      </symbol>
      <symbol id="sm-518">
         <name>errno</name>
         <value>0x20000848</value>
         <object_component_ref idref="oc-383"/>
      </symbol>
      <symbol id="sm-522">
         <name>copysign</name>
         <value>0x298b</value>
         <object_component_ref idref="oc-3c5"/>
      </symbol>
      <symbol id="sm-523">
         <name>copysignl</name>
         <value>0x298b</value>
         <object_component_ref idref="oc-3c5"/>
      </symbol>
      <symbol id="sm-52d">
         <name>__aeabi_idiv0</name>
         <value>0x276b</value>
         <object_component_ref idref="oc-3ad"/>
      </symbol>
      <symbol id="sm-52e">
         <name>__aeabi_ldiv0</name>
         <value>0x276b</value>
         <object_component_ref idref="oc-3ad"/>
      </symbol>
      <symbol id="sm-575">
         <name>GPIOPinConfigure</name>
         <value>0x25d9</value>
         <object_component_ref idref="oc-1a5"/>
      </symbol>
      <symbol id="sm-576">
         <name>GPIOPinTypeGPIOOutput</name>
         <value>0x292d</value>
         <object_component_ref idref="oc-1fa"/>
      </symbol>
      <symbol id="sm-577">
         <name>GPIODirModeSet</name>
         <value>0x28a1</value>
         <object_component_ref idref="oc-277"/>
      </symbol>
      <symbol id="sm-578">
         <name>GPIOPinTypeQEI</name>
         <value>0x29b3</value>
         <object_component_ref idref="oc-1ab"/>
      </symbol>
      <symbol id="sm-579">
         <name>GPIOPinWrite</name>
         <value>0x2ac9</value>
         <object_component_ref idref="oc-200"/>
      </symbol>
      <symbol id="sm-57a">
         <name>GPIOPadConfigSet</name>
         <value>0x170f</value>
         <object_component_ref idref="oc-27d"/>
      </symbol>
      <symbol id="sm-5aa">
         <name>IntEnable</name>
         <value>0x2311</value>
         <object_component_ref idref="oc-1e7"/>
      </symbol>
      <symbol id="sm-5ab">
         <name>IntMasterEnable</name>
         <value>0x29e9</value>
         <object_component_ref idref="oc-102"/>
      </symbol>
      <symbol id="sm-620">
         <name>QEIDirectionGet</name>
         <value>0x2a37</value>
         <object_component_ref idref="oc-147"/>
      </symbol>
      <symbol id="sm-621">
         <name>QEIVelocityGet</name>
         <value>0x2ae3</value>
         <object_component_ref idref="oc-126"/>
      </symbol>
      <symbol id="sm-622">
         <name>QEIFilterConfigure</name>
         <value>0x2a5f</value>
         <object_component_ref idref="oc-1c3"/>
      </symbol>
      <symbol id="sm-623">
         <name>QEIIntEnable</name>
         <value>0x2ab1</value>
         <object_component_ref idref="oc-1e1"/>
      </symbol>
      <symbol id="sm-624">
         <name>QEIVelocityConfigure</name>
         <value>0x29f9</value>
         <object_component_ref idref="oc-1d5"/>
      </symbol>
      <symbol id="sm-625">
         <name>QEIIntDisable</name>
         <value>0x2a89</value>
         <object_component_ref idref="oc-1b7"/>
      </symbol>
      <symbol id="sm-626">
         <name>QEIFilterEnable</name>
         <value>0x2a7f</value>
         <object_component_ref idref="oc-1bd"/>
      </symbol>
      <symbol id="sm-627">
         <name>QEIDisable</name>
         <value>0x2a6b</value>
         <object_component_ref idref="oc-1b1"/>
      </symbol>
      <symbol id="sm-628">
         <name>QEIIntStatus</name>
         <value>0x2a93</value>
         <object_component_ref idref="oc-86"/>
      </symbol>
      <symbol id="sm-629">
         <name>QEIEnable</name>
         <value>0x2a75</value>
         <object_component_ref idref="oc-1db"/>
      </symbol>
      <symbol id="sm-62a">
         <name>QEIIntClear</name>
         <value>0x2adb</value>
         <object_component_ref idref="oc-8c"/>
      </symbol>
      <symbol id="sm-62b">
         <name>QEIPositionSet</name>
         <value>0x2adf</value>
         <object_component_ref idref="oc-1f3"/>
      </symbol>
      <symbol id="sm-62c">
         <name>QEIVelocityEnable</name>
         <value>0x2a9d</value>
         <object_component_ref idref="oc-1ed"/>
      </symbol>
      <symbol id="sm-62d">
         <name>QEIConfigure</name>
         <value>0x2a29</value>
         <object_component_ref idref="oc-1c9"/>
      </symbol>
      <symbol id="sm-67f">
         <name>SysCtlClockSet</name>
         <value>0x1c81</value>
         <object_component_ref idref="oc-fc"/>
      </symbol>
      <symbol id="sm-680">
         <name>SysCtlDelay</name>
         <value>0x2ad5</value>
         <object_component_ref idref="oc-92"/>
      </symbol>
      <symbol id="sm-681">
         <name>SysCtlPeripheralEnable</name>
         <value>0x2811</value>
         <object_component_ref idref="oc-19f"/>
      </symbol>
      <symbol id="sm-682">
         <name>SysCtlClockGet</name>
         <value>0x1965</value>
         <object_component_ref idref="oc-1cf"/>
      </symbol>
      <symbol id="sm-68c">
         <name>CPUcpsie</name>
         <value>0x2a53</value>
         <object_component_ref idref="oc-198"/>
      </symbol>
      <symbol id="sm-68d">
         <name>__TI_static_base__</name>
         <value>0x0</value>
      </symbol>
      <symbol id="sm-690">
         <name>__mpu_init</name>
         <value>0x0</value>
      </symbol>
      <symbol id="sm-691">
         <name>_system_post_cinit</name>
         <value>0x0</value>
      </symbol>
   </symbol_table>
   <title>Link successful</title>
</link_info>
