******************************************************************************
                  TI ARM Linker Unix v16.9.1                   
******************************************************************************
>> Linked Sat Aug 25 08:06:17 2018

OUTPUT FILE NAME:   <QEI+LCD+Giro.out>
ENTRY POINT SYMBOL: "_c_int00"  address: 00002581


MEMORY CONFIGURATION

         name            origin    length      used     unused   attr    fill
----------------------  --------  ---------  --------  --------  ----  --------
  FLASH                 00000000   00040000  00002e14  0003d1ec  R  X
  SRAM                  20000000   00008000  00000864  0000779c  RW X


SEGMENT ALLOCATION MAP

run origin  load origin   length   init length attrs members
----------  ----------- ---------- ----------- ----- -------
00000000    00000000    00002e18   00002e18    r-x
  00000000    00000000    0000026c   0000026c    r-- .intvecs
  0000026c    0000026c    000028f8   000028f8    r-x .text
  00002b64    00002b64    00000270   00000270    r-- .const
  00002dd8    00002dd8    00000040   00000040    r-- .cinit
20000000    20000000    00000864   00000000    rw-
  20000000    20000000    00000800   00000000    rw- .stack
  20000800    20000800    0000003c   00000000    rw- .data
  2000083c    2000083c    00000028   00000000    rw- .bss


SECTION ALLOCATION MAP

 output                                  attributes/
section   page    origin      length       input sections
--------  ----  ----------  ----------   ----------------
.intvecs   0    00000000    0000026c     
                  00000000    0000026c     startup_ccs.obj (.intvecs)

.text      0    0000026c    000028f8     
                  0000026c    0000113e     rtsv7M4_T_le_v4SPD16_eabi.lib : _printfi.obj (.text)
                  000013aa    000001f4                                   : ull_div_t2.obj (.text)
                  0000159e    00000002     startup_ccs.obj (.text:FaultISR)
                  000015a0    000001d8     blinky.obj (.text:main)
                  00001778    000001b6     rtsv7M4_T_le_v4SPD16_eabi.lib : fd_add_t2.obj (.text)
                  0000192e    00000136                                   : fd_div_t2.obj (.text)
                  00001a64    00000132     driverlib.lib : gpio.obj (.text:GPIOPadConfigSet)
                  00001b96    00000002     startup_ccs.obj (.text:IntDefaultHandler)
                  00001b98    00000110     driverlib.lib : sysctl.obj (.text:SysCtlClockGet)
                  00001ca8    000000fc     rtsv7M4_T_le_v4SPD16_eabi.lib : fd_mul_t2.obj (.text)
                  00001da4    000000fc                                   : s_scalbn.obj (.text)
                  00001ea0    000000f4     driverlib.lib : sysctl.obj (.text:SysCtlClockSet)
                  00001f94    000000c4     blinky.obj (.text:ConfigureQEI)
                  00002058    0000009c     rtsv7M4_T_le_v4SPD16_eabi.lib : memcpy_t2.obj (.text)
                  000020f4    00000090     display.obj (.text:initLCD)
                  00002184    00000086     rtsv7M4_T_le_v4SPD16_eabi.lib : fd_cmp_t2.obj (.text:__aeabi_cdcmple)
                  0000220a    00000086                                   : fd_cmp_t2.obj (.text:__aeabi_cdrcmple)
                  00002290    0000007a                                   : memset_t2.obj (.text)
                  0000230a    00000002     startup_ccs.obj (.text:NmiSR)
                  0000230c    00000070     rtsv7M4_T_le_v4SPD16_eabi.lib : autoinit.obj (.text)
                  0000237c    0000006e                                   : fd_tos_t2.obj (.text)
                  000023ea    00000002                                   : mpu_init.obj (.text)
                  000023ec    00000068     driverlib.lib : interrupt.obj (.text:IntEnable)
                  00002454    00000068     rtsv7M4_T_le_v4SPD16_eabi.lib : copy_decompress_lzss.obj (.text:decompress:lzss)
                  000024bc    00000064                                   : s_frexp.obj (.text)
                  00002520    00000060                                   : sprintf.obj (.text)
                  00002580    00000054                                   : boot.obj (.text)
                  000025d4    00000054                                   : exit.obj (.text)
                  00002628    00000054                                   : ltoa.obj (.text)
                  0000267c    0000004c     blinky.obj (.text:manejadorInterrupcion_QEI)
                  000026c8    0000004c     rtsv7M4_T_le_v4SPD16_eabi.lib : atoi.obj (.text)
                  00002714    0000004c                                   : cpy_tbl.obj (.text)
                  00002760    00000048     driverlib.lib : gpio.obj (.text:GPIOPinConfigure)
                  000027a8    00000048     rtsv7M4_T_le_v4SPD16_eabi.lib : fd_toi_t2.obj (.text)
                  000027f0    00000040     display.obj (.text:sendByte)
                  00002830    00000038     rtsv7M4_T_le_v4SPD16_eabi.lib : fs_tod_t2.obj (.text)
                  00002868    00000034     blinky.obj (.text:ConfigureGPIOC)
                  0000289c    00000034     driverlib.lib : sysctl.obj (.text:SysCtlPeripheralEnable)
                  000028d0    0000002e     rtsv7M4_T_le_v4SPD16_eabi.lib : i_tofd_t2.obj (.text)
                  000028fe    0000002e     display.obj (.text:setCursorPositionLCD)
                  0000292c    0000002a     driverlib.lib : gpio.obj (.text:GPIODirModeSet)
                  00002956    00000002     rtsv7M4_T_le_v4SPD16_eabi.lib : startup.obj (.text)
                  00002958    00000028     display.obj (.text:pulseLCD)
                  00002980    0000001c     display.obj (.text:clearLCD)
                  0000299c    0000001c     rtsv7M4_T_le_v4SPD16_eabi.lib : memccpy.obj (.text)
                  000029b8    00000018     driverlib.lib : gpio.obj (.text:GPIOPinTypeGPIOOutput)
                  000029d0    00000018     display.obj (.text:printLCD)
                  000029e8    00000018     rtsv7M4_T_le_v4SPD16_eabi.lib : args_main.obj (.text)
                  00002a00    00000016                                   : strchr.obj (.text)
                  00002a16    00000002     --HOLE-- [fill = 0]
                  00002a18    00000014                                   : _lock.obj (.text)
                  00002a2c    00000014                                   : s_copysign.obj (.text)
                  00002a40    00000014                                   : strlen.obj (.text)
                  00002a54    00000012     driverlib.lib : gpio.obj (.text:GPIOPinTypeQEI)
                  00002a66    00000010                   : interrupt.obj (.text:IntMasterEnable)
                  00002a76    00000010                   : qei.obj (.text:QEIVelocityConfigure)
                  00002a86    00000002     --HOLE-- [fill = 0]
                  00002a88    00000010     display.obj (.text:setCmd)
                  00002a98    00000010     display.obj (.text:setData)
                  00002aa8    0000000e     driverlib.lib : qei.obj (.text:QEIConfigure)
                  00002ab6    0000000e                   : qei.obj (.text:QEIDirectionGet)
                  00002ac4    0000000e     rtsv7M4_T_le_v4SPD16_eabi.lib : copy_decompress_none.obj (.text:decompress:none)
                  00002ad2    0000000c     driverlib.lib : cpu.obj (.text:CPUcpsie)
                  00002ade    0000000c                   : qei.obj (.text:QEIFilterConfigure)
                  00002aea    0000000c     rtsv7M4_T_le_v4SPD16_eabi.lib : copy_zero_init.obj (.text:decompress:ZI)
                  00002af6    0000000a     driverlib.lib : qei.obj (.text:QEIDisable)
                  00002b00    0000000a                   : qei.obj (.text:QEIEnable)
                  00002b0a    0000000a                   : qei.obj (.text:QEIFilterEnable)
                  00002b14    0000000a                   : qei.obj (.text:QEIIntDisable)
                  00002b1e    0000000a                   : qei.obj (.text:QEIIntStatus)
                  00002b28    0000000a                   : qei.obj (.text:QEIVelocityEnable)
                  00002b32    00000008                   : qei.obj (.text:QEIIntEnable)
                  00002b3a    00000008     display.obj (.text:cursorOffLCD)
                  00002b42    00000006     driverlib.lib : gpio.obj (.text:GPIOPinWrite)
                  00002b48    00000006     startup_ccs.obj (.text:ResetISR)
                  00002b4e    00000006     driverlib.lib : sysctl.obj (.text:SysCtlDelay)
                  00002b54    00000004                   : qei.obj (.text:QEIIntClear)
                  00002b58    00000004                   : qei.obj (.text:QEIPositionSet)
                  00002b5c    00000004                   : qei.obj (.text:QEIVelocityGet)
                  00002b60    00000004     rtsv7M4_T_le_v4SPD16_eabi.lib : pre_init.obj (.text)

.const     0    00002b64    00000270     
                  00002b64    00000101     rtsv7M4_T_le_v4SPD16_eabi.lib : ctype.obj (.const:.string:_ctypes_)
                  00002c65    00000003     --HOLE-- [fill = 0]
                  00002c68    00000090     driverlib.lib : gpio.obj (.const:g_pui32GPIOBaseAddrs)
                  00002cf8    00000070                   : interrupt.obj (.const)
                  00002d68    0000006c                   : sysctl.obj (.const:g_pui32Xtals)

.cinit     0    00002dd8    00000040     
                  00002dd8    00000016     (.cinit..data.load) [load image, compression = lzss]
                  00002dee    00000002     --HOLE-- [fill = 0]
                  00002df0    0000000c     (__TI_handler_table)
                  00002dfc    00000004     --HOLE-- [fill = 0]
                  00002e00    00000008     (.cinit..bss.load) [load image, compression = zero_init]
                  00002e08    00000010     (__TI_cinit_table)

.init_array 
*          0    00000000    00000000     UNINITIALIZED

.data      0    20000800    0000003c     UNINITIALIZED
                  20000800    00000020     blinky.obj (.data)
                  20000820    0000000c     rtsv7M4_T_le_v4SPD16_eabi.lib : exit.obj (.data:$O1$$)
                  2000082c    00000008                                   : _lock.obj (.data:$O1$$)
                  20000834    00000004                                   : errno.obj (.data)
                  20000838    00000004                                   : stkdepth_vars.obj (.data)

.bss       0    2000083c    00000028     UNINITIALIZED
                  2000083c    00000010     (.common:averageValues)
                  2000084c    00000008     (.common:str)
                  20000854    00000004     (.common:cauda)
                  20000858    00000004     (.common:caudal_instantaneo)
                  2000085c    00000004     (.common:cursorPosition)
                  20000860    00000004     (.common:velocidad)

.stack     0    20000000    00000800     UNINITIALIZED
                  20000000    00000800     --HOLE--

MODULE SUMMARY

       Module                     code    ro data   rw data
       ------                     ----    -------   -------
    ./
       blinky.obj                 796     0         72     
       startup_ccs.obj            12      620       0      
       display.obj                386     0         0      
    +--+--------------------------+-------+---------+---------+
       Total:                     1194    620       72     
                                                           
    /home/usuario/ti/ccsv7/tools/compiler/ti-cgt-arm_16.9.1.LTS/lib/rtsv7M4_T_le_v4SPD16_eabi.lib
       _printfi.obj               4414    0         0      
       ull_div_t2.obj             500     0         0      
       fd_add_t2.obj              438     0         0      
       fd_div_t2.obj              310     0         0      
       fd_cmp_t2.obj              268     0         0      
       ctype.obj                  0       257       0      
       fd_mul_t2.obj              252     0         0      
       s_scalbn.obj               252     0         0      
       memcpy_t2.obj              156     0         0      
       memset_t2.obj              122     0         0      
       autoinit.obj               112     0         0      
       fd_tos_t2.obj              110     0         0      
       copy_decompress_lzss.obj   104     0         0      
       s_frexp.obj                100     0         0      
       exit.obj                   84      0         12     
       sprintf.obj                96      0         0      
       boot.obj                   84      0         0      
       ltoa.obj                   84      0         0      
       atoi.obj                   76      0         0      
       cpy_tbl.obj                76      0         0      
       fd_toi_t2.obj              72      0         0      
       fs_tod_t2.obj              56      0         0      
       i_tofd_t2.obj              46      0         0      
       _lock.obj                  20      0         8      
       memccpy.obj                28      0         0      
       args_main.obj              24      0         0      
       strchr.obj                 22      0         0      
       s_copysign.obj             20      0         0      
       strlen.obj                 20      0         0      
       copy_decompress_none.obj   14      0         0      
       copy_zero_init.obj         12      0         0      
       errno.obj                  0       0         4      
       pre_init.obj               4       0         0      
       stkdepth_vars.obj          0       0         4      
       mpu_init.obj               2       0         0      
       startup.obj                2       0         0      
    +--+--------------------------+-------+---------+---------+
       Total:                     7980    257       28     
                                                           
    /home/usuario/tivaware/SW-TM4C-2.1.4.178/driverlib/ccs/Debug/driverlib.lib
       sysctl.obj                 574     108       0      
       gpio.obj                   468     144       0      
       interrupt.obj              120     112       0      
       qei.obj                    136     0         0      
       cpu.obj                    12      0         0      
    +--+--------------------------+-------+---------+---------+
       Total:                     1310    364       0      
                                                           
       Stack:                     0       0         2048   
       Linker Generated:          0       58        0      
    +--+--------------------------+-------+---------+---------+
       Grand Total:               10484   1299      2148   


LINKER GENERATED COPY TABLES

__TI_cinit_table @ 00002e08 records: 2, size/record: 8, table size: 16
	.data: load addr=00002dd8, load size=00000016 bytes, run addr=20000800, run size=0000003c bytes, compression=lzss
	.bss: load addr=00002e00, load size=00000008 bytes, run addr=2000083c, run size=00000028 bytes, compression=zero_init


LINKER GENERATED HANDLER TABLE

__TI_handler_table @ 00002df0 records: 3, size/record: 4, table size: 12
	index: 0, handler: __TI_decompress_lzss
	index: 1, handler: __TI_decompress_none
	index: 2, handler: __TI_zero_init


GLOBAL SYMBOLS: SORTED ALPHABETICALLY BY Name 

address   name                           
-------   ----                           
000025d5  C$$EXIT                        
00002ad3  CPUcpsie                       
00002869  ConfigureGPIOC                 
00001f95  ConfigureQEI                   
20000810  DirFlag                        
0000292d  GPIODirModeSet                 
00001a65  GPIOPadConfigSet               
00002761  GPIOPinConfigure               
000029b9  GPIOPinTypeGPIOOutput          
00002a55  GPIOPinTypeQEI                 
00002b43  GPIOPinWrite                   
000023ed  IntEnable                      
00002a67  IntMasterEnable                
00002aa9  QEIConfigure                   
00002ab7  QEIDirectionGet                
00002af7  QEIDisable                     
00002b01  QEIEnable                      
00002adf  QEIFilterConfigure             
00002b0b  QEIFilterEnable                
00002b55  QEIIntClear                    
00002b15  QEIIntDisable                  
00002b33  QEIIntEnable                   
00002b1f  QEIIntStatus                   
00002b59  QEIPositionSet                 
00002a77  QEIVelocityConfigure           
00002b29  QEIVelocityEnable              
00002b5d  QEIVelocityGet                 
20000808  QEI_DirFlag                    
20000804  QEI_IntSource                  
2000080c  QEI_TimerFlag                  
00002b49  ResetISR                       
UNDEFED   SHT$$INIT_ARRAY$$Base          
UNDEFED   SHT$$INIT_ARRAY$$Limit         
00001b99  SysCtlClockGet                 
00001ea1  SysCtlClockSet                 
00002b4f  SysCtlDelay                    
0000289d  SysCtlPeripheralEnable         
20000800  __STACK_END                    
00000800  __STACK_SIZE                   
20000200  __STACK_TOP                    
00002e08  __TI_CINIT_Base                
00002e18  __TI_CINIT_Limit               
00002df0  __TI_Handler_Table_Base        
00002dfc  __TI_Handler_Table_Limit       
0000230d  __TI_auto_init                 
20000820  __TI_cleanup_ptr               
00002455  __TI_decompress_lzss           
00002ac5  __TI_decompress_none           
20000824  __TI_dtors_ptr                 
20000828  __TI_enable_exit_profile_output
ffffffff  __TI_pprof_out_hndl            
00000ab1  __TI_printfi                   
ffffffff  __TI_prof_data_size            
ffffffff  __TI_prof_data_start           
00000000  __TI_static_base__             
00002aeb  __TI_zero_init                 
00002185  __aeabi_cdcmpeq                
00002185  __aeabi_cdcmple                
0000220b  __aeabi_cdrcmple               
0000237d  __aeabi_d2f                    
000027a9  __aeabi_d2iz                   
00001783  __aeabi_dadd                   
0000192f  __aeabi_ddiv                   
00001ca9  __aeabi_dmul                   
00001779  __aeabi_dsub                   
00002831  __aeabi_f2d                    
000028d1  __aeabi_i2d                    
00002291  __aeabi_memclr                 
00002291  __aeabi_memclr4                
00002291  __aeabi_memclr8                
00002059  __aeabi_memcpy                 
00002059  __aeabi_memcpy4                
00002059  __aeabi_memcpy8                
00002293  __aeabi_memset                 
00002293  __aeabi_memset4                
00002293  __aeabi_memset8                
000013ab  __aeabi_uldivmod               
ffffffff  __binit__                      
ffffffff  __c_args__                     
000023eb  __mpu_init                     
20000000  __stack                        
000029e9  _args_main                     
00002581  _c_int00                       
00002b64  _ctypes_                       
2000082c  _lock                          
00002a27  _nop                           
00002a1f  _register_lock                 
00002a19  _register_unlock               
00002957  _system_post_cinit             
00002b61  _system_pre_init               
20000830  _unlock                        
000025d9  abort                          
000026c9  atoi                           
20000814  averageCounter                 
2000083c  averageValues                  
ffffffff  binit                          
20000854  cauda                          
20000858  caudal_instantaneo             
00002981  clearLCD                       
00002715  copy_in                        
00002a2d  copysign                       
00002a2d  copysignl                      
00002b3b  cursorOffLCD                   
2000085c  cursorPosition                 
20000834  errno                          
000025e1  exit                           
000024bd  frexp                          
000024bd  frexpl                         
00000000  g_pfnVectors                   
000020f5  initLCD                        
00001da5  ldexp                          
00001da5  ldexpl                         
00002629  ltoa                           
000015a1  main                           
20000838  main_func_sp                   
0000267d  manejadorInterrupcion_QEI      
0000299d  memccpy                        
00002059  memcpy                         
00002299  memset                         
000029d1  printLCD                       
00002959  pulseLCD                       
20000818  qeiAvgVel                      
00001da5  scalbn                         
00001da5  scalbnl                        
000027f1  sendByte                       
00002a89  setCmd                         
000028ff  setCursorPositionLCD           
00002a99  setData                        
2000081c  showFlag                       
00002521  sprintf                        
2000084c  str                            
00002a01  strchr                         
00002a41  strlen                         
20000800  time                           
20000860  velocidad                      


GLOBAL SYMBOLS: SORTED BY Symbol Address 

address   name                           
-------   ----                           
00000000  __TI_static_base__             
00000000  g_pfnVectors                   
00000800  __STACK_SIZE                   
00000ab1  __TI_printfi                   
000013ab  __aeabi_uldivmod               
000015a1  main                           
00001779  __aeabi_dsub                   
00001783  __aeabi_dadd                   
0000192f  __aeabi_ddiv                   
00001a65  GPIOPadConfigSet               
00001b99  SysCtlClockGet                 
00001ca9  __aeabi_dmul                   
00001da5  ldexp                          
00001da5  ldexpl                         
00001da5  scalbn                         
00001da5  scalbnl                        
00001ea1  SysCtlClockSet                 
00001f95  ConfigureQEI                   
00002059  __aeabi_memcpy                 
00002059  __aeabi_memcpy4                
00002059  __aeabi_memcpy8                
00002059  memcpy                         
000020f5  initLCD                        
00002185  __aeabi_cdcmpeq                
00002185  __aeabi_cdcmple                
0000220b  __aeabi_cdrcmple               
00002291  __aeabi_memclr                 
00002291  __aeabi_memclr4                
00002291  __aeabi_memclr8                
00002293  __aeabi_memset                 
00002293  __aeabi_memset4                
00002293  __aeabi_memset8                
00002299  memset                         
0000230d  __TI_auto_init                 
0000237d  __aeabi_d2f                    
000023eb  __mpu_init                     
000023ed  IntEnable                      
00002455  __TI_decompress_lzss           
000024bd  frexp                          
000024bd  frexpl                         
00002521  sprintf                        
00002581  _c_int00                       
000025d5  C$$EXIT                        
000025d9  abort                          
000025e1  exit                           
00002629  ltoa                           
0000267d  manejadorInterrupcion_QEI      
000026c9  atoi                           
00002715  copy_in                        
00002761  GPIOPinConfigure               
000027a9  __aeabi_d2iz                   
000027f1  sendByte                       
00002831  __aeabi_f2d                    
00002869  ConfigureGPIOC                 
0000289d  SysCtlPeripheralEnable         
000028d1  __aeabi_i2d                    
000028ff  setCursorPositionLCD           
0000292d  GPIODirModeSet                 
00002957  _system_post_cinit             
00002959  pulseLCD                       
00002981  clearLCD                       
0000299d  memccpy                        
000029b9  GPIOPinTypeGPIOOutput          
000029d1  printLCD                       
000029e9  _args_main                     
00002a01  strchr                         
00002a19  _register_unlock               
00002a1f  _register_lock                 
00002a27  _nop                           
00002a2d  copysign                       
00002a2d  copysignl                      
00002a41  strlen                         
00002a55  GPIOPinTypeQEI                 
00002a67  IntMasterEnable                
00002a77  QEIVelocityConfigure           
00002a89  setCmd                         
00002a99  setData                        
00002aa9  QEIConfigure                   
00002ab7  QEIDirectionGet                
00002ac5  __TI_decompress_none           
00002ad3  CPUcpsie                       
00002adf  QEIFilterConfigure             
00002aeb  __TI_zero_init                 
00002af7  QEIDisable                     
00002b01  QEIEnable                      
00002b0b  QEIFilterEnable                
00002b15  QEIIntDisable                  
00002b1f  QEIIntStatus                   
00002b29  QEIVelocityEnable              
00002b33  QEIIntEnable                   
00002b3b  cursorOffLCD                   
00002b43  GPIOPinWrite                   
00002b49  ResetISR                       
00002b4f  SysCtlDelay                    
00002b55  QEIIntClear                    
00002b59  QEIPositionSet                 
00002b5d  QEIVelocityGet                 
00002b61  _system_pre_init               
00002b64  _ctypes_                       
00002df0  __TI_Handler_Table_Base        
00002dfc  __TI_Handler_Table_Limit       
00002e08  __TI_CINIT_Base                
00002e18  __TI_CINIT_Limit               
20000000  __stack                        
20000200  __STACK_TOP                    
20000800  __STACK_END                    
20000800  time                           
20000804  QEI_IntSource                  
20000808  QEI_DirFlag                    
2000080c  QEI_TimerFlag                  
20000810  DirFlag                        
20000814  averageCounter                 
20000818  qeiAvgVel                      
2000081c  showFlag                       
20000820  __TI_cleanup_ptr               
20000824  __TI_dtors_ptr                 
20000828  __TI_enable_exit_profile_output
2000082c  _lock                          
20000830  _unlock                        
20000834  errno                          
20000838  main_func_sp                   
2000083c  averageValues                  
2000084c  str                            
20000854  cauda                          
20000858  caudal_instantaneo             
2000085c  cursorPosition                 
20000860  velocidad                      
ffffffff  __TI_pprof_out_hndl            
ffffffff  __TI_prof_data_size            
ffffffff  __TI_prof_data_start           
ffffffff  __binit__                      
ffffffff  __c_args__                     
ffffffff  binit                          
UNDEFED   SHT$$INIT_ARRAY$$Base          
UNDEFED   SHT$$INIT_ARRAY$$Limit         

[135 symbols]
